Component: ARM Compiler 6.16 Tool: armlink [5dfeaa00]

==============================================================================

Section Cross References

    main.o(.text) refers (Special) to _printf_dec.o(.text) for _printf_int_dec
    main.o(.text) refers (Special) to _printf_percent.o(.ARM.Collect$$_printf_percent$$00000000) for _printf_percent
    main.o(.text) refers (Special) to _printf_u.o(.ARM.Collect$$_printf_percent$$0000000A) for _printf_u
    main.o(.text.main) refers (Special) to _printf_dec.o(.text) for _printf_int_dec
    main.o(.text.main) refers (Special) to _printf_percent.o(.ARM.Collect$$_printf_percent$$00000000) for _printf_percent
    main.o(.text.main) refers (Special) to _printf_u.o(.ARM.Collect$$_printf_percent$$0000000A) for _printf_u
    main.o(.text.main) refers to sysclock.o(.text.System_Clock_Init) for System_Clock_Init
    main.o(.text.main) refers to uart.o(.text.UART2_Init) for UART2_Init
    main.o(.text.main) refers to adc.o(.text.ADC_Init) for ADC_Init
    main.o(.text.main) refers to i2c.o(.text.I2C_GPIO_Init) for I2C_GPIO_Init
    main.o(.text.main) refers to i2c.o(.text.I2C_Init) for I2C_Init
    main.o(.text.main) refers to audiochip.o(.text.SAI1_GPIO_Init) for SAI1_GPIO_Init
    main.o(.text.main) refers to audiochip.o(.text.SAI1_Init) for SAI1_Init
    main.o(.text.main) refers to audiochip.o(.text.Audio_DAC_Init) for Audio_DAC_Init
    main.o(.text.main) refers to audiochip.o(.text.Set_Default_Audio_Registers) for Set_Default_Audio_Registers
    main.o(.text.main) refers to main.o(.bss.adcResult) for adcResult
    main.o(.text.main) refers to noretval__2sprintf.o(.text) for __2sprintf
    main.o(.text.main) refers to strlen.o(.text) for strlen
    main.o(.text.main) refers to uart.o(.text.USART_Write) for USART_Write
    main.o(.text.main) refers to adc.o(.text.ADC_IRQHandler) for ADC_IRQHandler
    main.o(.text.main) refers to main.o(.text.audio_handler) for audio_handler
    main.o(.ARM.exidx.text.main) refers (Special) to _printf_dec.o(.text) for _printf_int_dec
    main.o(.ARM.exidx.text.main) refers (Special) to _printf_percent.o(.ARM.Collect$$_printf_percent$$00000000) for _printf_percent
    main.o(.ARM.exidx.text.main) refers (Special) to _printf_u.o(.ARM.Collect$$_printf_percent$$0000000A) for _printf_u
    main.o(.ARM.exidx.text.main) refers to main.o(.text.main) for [Anonymous Symbol]
    main.o(.text.audio_handler) refers (Special) to _printf_dec.o(.text) for _printf_int_dec
    main.o(.text.audio_handler) refers (Special) to _printf_percent.o(.ARM.Collect$$_printf_percent$$00000000) for _printf_percent
    main.o(.text.audio_handler) refers (Special) to _printf_u.o(.ARM.Collect$$_printf_percent$$0000000A) for _printf_u
    main.o(.text.audio_handler) refers to audiochip.o(.text.my_audio_low) for my_audio_low
    main.o(.text.audio_handler) refers to audiochip.o(.text.my_audio_high) for my_audio_high
    main.o(.text.audio_handler) refers to audiochip.o(.text.my_audio_mid) for my_audio_mid
    main.o(.ARM.exidx.text.audio_handler) refers (Special) to _printf_dec.o(.text) for _printf_int_dec
    main.o(.ARM.exidx.text.audio_handler) refers (Special) to _printf_percent.o(.ARM.Collect$$_printf_percent$$00000000) for _printf_percent
    main.o(.ARM.exidx.text.audio_handler) refers (Special) to _printf_u.o(.ARM.Collect$$_printf_percent$$0000000A) for _printf_u
    main.o(.ARM.exidx.text.audio_handler) refers to main.o(.text.audio_handler) for [Anonymous Symbol]
    main.o(.bss.adcResult) refers (Special) to _printf_dec.o(.text) for _printf_int_dec
    main.o(.bss.adcResult) refers (Special) to _printf_percent.o(.ARM.Collect$$_printf_percent$$00000000) for _printf_percent
    main.o(.bss.adcResult) refers (Special) to _printf_u.o(.ARM.Collect$$_printf_percent$$0000000A) for _printf_u
    main.o(.ARM.use_no_argv) refers (Special) to _printf_dec.o(.text) for _printf_int_dec
    main.o(.ARM.use_no_argv) refers (Special) to _printf_percent.o(.ARM.Collect$$_printf_percent$$00000000) for _printf_percent
    main.o(.ARM.use_no_argv) refers (Special) to _printf_u.o(.ARM.Collect$$_printf_percent$$0000000A) for _printf_u
    startup_stm32l476xx.o(STACK) refers (Special) to heapauxi.o(.text) for __use_two_region_memory
    startup_stm32l476xx.o(HEAP) refers (Special) to heapauxi.o(.text) for __use_two_region_memory
    startup_stm32l476xx.o(RESET) refers (Special) to heapauxi.o(.text) for __use_two_region_memory
    startup_stm32l476xx.o(RESET) refers to startup_stm32l476xx.o(STACK) for __initial_sp
    startup_stm32l476xx.o(RESET) refers to startup_stm32l476xx.o(.text) for Reset_Handler
    startup_stm32l476xx.o(.text) refers (Special) to heapauxi.o(.text) for __use_two_region_memory
    startup_stm32l476xx.o(.text) refers to __main.o(!!!main) for __main
    startup_stm32l476xx.o(.text) refers to startup_stm32l476xx.o(HEAP) for Heap_Mem
    startup_stm32l476xx.o(.text) refers to startup_stm32l476xx.o(STACK) for Stack_Mem
    audiochip.o(.text.Audio_DAC_Init) refers to i2c.o(.text.I2C_SendData) for I2C_SendData
    audiochip.o(.ARM.exidx.text.Audio_DAC_Init) refers to audiochip.o(.text.Audio_DAC_Init) for [Anonymous Symbol]
    audiochip.o(.text.Set_Default_Audio_Registers) refers to audiochip.o(.text.set_DAC_register) for set_DAC_register
    audiochip.o(.ARM.exidx.text.Set_Default_Audio_Registers) refers to audiochip.o(.text.Set_Default_Audio_Registers) for [Anonymous Symbol]
    audiochip.o(.text.set_DAC_register) refers to i2c.o(.text.I2C_SendData) for I2C_SendData
    audiochip.o(.ARM.exidx.text.set_DAC_register) refers to audiochip.o(.text.set_DAC_register) for [Anonymous Symbol]
    audiochip.o(.ARM.exidx.text.SAI1_Init) refers to audiochip.o(.text.SAI1_Init) for [Anonymous Symbol]
    audiochip.o(.ARM.exidx.text.SAI1_GPIO_Init) refers to audiochip.o(.text.SAI1_GPIO_Init) for [Anonymous Symbol]
    audiochip.o(.text.read_DAC_register) refers to i2c.o(.text.I2C_SendData) for I2C_SendData
    audiochip.o(.text.read_DAC_register) refers to i2c.o(.text.I2C_ReceiveData) for I2C_ReceiveData
    audiochip.o(.ARM.exidx.text.read_DAC_register) refers to audiochip.o(.text.read_DAC_register) for [Anonymous Symbol]
    audiochip.o(.text.generate_beep) refers to audiochip.o(.text.set_DAC_register) for set_DAC_register
    audiochip.o(.ARM.exidx.text.generate_beep) refers to audiochip.o(.text.generate_beep) for [Anonymous Symbol]
    audiochip.o(.text.my_audio_low) refers to audiochip.o(.text.generate_beep) for generate_beep
    audiochip.o(.ARM.exidx.text.my_audio_low) refers to audiochip.o(.text.my_audio_low) for [Anonymous Symbol]
    audiochip.o(.text.my_audio_mid) refers to audiochip.o(.text.generate_beep) for generate_beep
    audiochip.o(.ARM.exidx.text.my_audio_mid) refers to audiochip.o(.text.my_audio_mid) for [Anonymous Symbol]
    audiochip.o(.text.my_audio_high) refers to audiochip.o(.text.generate_beep) for generate_beep
    audiochip.o(.ARM.exidx.text.my_audio_high) refers to audiochip.o(.text.my_audio_high) for [Anonymous Symbol]
    i2c.o(.ARM.exidx.text.I2C_GPIO_Init) refers to i2c.o(.text.I2C_GPIO_Init) for [Anonymous Symbol]
    i2c.o(.ARM.exidx.text.I2C_Init) refers to i2c.o(.text.I2C_Init) for [Anonymous Symbol]
    i2c.o(.ARM.exidx.text.I2C_Start) refers to i2c.o(.text.I2C_Start) for [Anonymous Symbol]
    i2c.o(.ARM.exidx.text.I2C_Stop) refers to i2c.o(.text.I2C_Stop) for [Anonymous Symbol]
    i2c.o(.ARM.exidx.text.I2C_WaitLineIdle) refers to i2c.o(.text.I2C_WaitLineIdle) for [Anonymous Symbol]
    i2c.o(.text.I2C_ReceiveData) refers to i2c.o(.text.I2C_WaitLineIdle) for I2C_WaitLineIdle
    i2c.o(.text.I2C_ReceiveData) refers to i2c.o(.text.I2C_Start) for I2C_Start
    i2c.o(.text.I2C_ReceiveData) refers to i2c.o(.text.I2C_Stop) for I2C_Stop
    i2c.o(.ARM.exidx.text.I2C_ReceiveData) refers to i2c.o(.text.I2C_ReceiveData) for [Anonymous Symbol]
    i2c.o(.text.I2C_SendData) refers to i2c.o(.text.I2C_WaitLineIdle) for I2C_WaitLineIdle
    i2c.o(.text.I2C_SendData) refers to i2c.o(.text.I2C_Start) for I2C_Start
    i2c.o(.text.I2C_SendData) refers to i2c.o(.text.I2C_Stop) for I2C_Stop
    i2c.o(.ARM.exidx.text.I2C_SendData) refers to i2c.o(.text.I2C_SendData) for [Anonymous Symbol]
    sysclock.o(.ARM.exidx.text.System_Clock_Init) refers to sysclock.o(.text.System_Clock_Init) for [Anonymous Symbol]
    uart.o(.text.UART2_Init) refers to uart.o(.text.UART2_GPIO_Init) for UART2_GPIO_Init
    uart.o(.text.UART2_Init) refers to uart.o(.text.USART_Init) for USART_Init
    uart.o(.ARM.exidx.text.UART2_Init) refers to uart.o(.text.UART2_Init) for [Anonymous Symbol]
    uart.o(.ARM.exidx.text.UART2_GPIO_Init) refers to uart.o(.text.UART2_GPIO_Init) for [Anonymous Symbol]
    uart.o(.ARM.exidx.text.USART_Init) refers to uart.o(.text.USART_Init) for [Anonymous Symbol]
    uart.o(.ARM.exidx.text.USART_Read) refers to uart.o(.text.USART_Read) for [Anonymous Symbol]
    uart.o(.ARM.exidx.text.USART_Write) refers to uart.o(.text.USART_Write) for [Anonymous Symbol]
    uart.o(.ARM.exidx.text.USART_Delay) refers to uart.o(.text.USART_Delay) for [Anonymous Symbol]
    uart.o(.ARM.exidx.text.USART_IRQHandler) refers to uart.o(.text.USART_IRQHandler) for [Anonymous Symbol]
    adc.o(.ARM.exidx.text.ADC1_wakeup) refers to adc.o(.text.ADC1_wakeup) for [Anonymous Symbol]
    adc.o(.ARM.exidx.text.ADC_Common_Configuration) refers to adc.o(.text.ADC_Common_Configuration) for [Anonymous Symbol]
    adc.o(.ARM.exidx.text.ADC_Pin_Init) refers to adc.o(.text.ADC_Pin_Init) for [Anonymous Symbol]
    adc.o(.text.ADC_Init) refers to adc.o(.text.TIM4_Init) for TIM4_Init
    adc.o(.text.ADC_Init) refers to adc.o(.text.ADC_Pin_Init) for ADC_Pin_Init
    adc.o(.text.ADC_Init) refers to adc.o(.text.ADC_Common_Configuration) for ADC_Common_Configuration
    adc.o(.text.ADC_Init) refers to adc.o(.text.ADC1_wakeup) for ADC1_wakeup
    adc.o(.ARM.exidx.text.ADC_Init) refers to adc.o(.text.ADC_Init) for [Anonymous Symbol]
    adc.o(.ARM.exidx.text.TIM4_Init) refers to adc.o(.text.TIM4_Init) for [Anonymous Symbol]
    adc.o(.text.ADC_IRQHandler) refers to adc.o(.text.__NVIC_ClearPendingIRQ) for __NVIC_ClearPendingIRQ
    adc.o(.ARM.exidx.text.ADC_IRQHandler) refers to adc.o(.text.ADC_IRQHandler) for [Anonymous Symbol]
    adc.o(.ARM.exidx.text.__NVIC_ClearPendingIRQ) refers to adc.o(.text.__NVIC_ClearPendingIRQ) for [Anonymous Symbol]
    __2sprintf.o(.text) refers to _printf_char_common.o(.text) for _printf_char_common
    __2sprintf.o(.text) refers to _sputc.o(.text) for _sputc
    noretval__2sprintf.o(.text) refers to _printf_char_common.o(.text) for _printf_char_common
    noretval__2sprintf.o(.text) refers to _sputc.o(.text) for _sputc
    __printf.o(.text) refers to _printf_percent.o(.ARM.Collect$$_printf_percent$$00000000) for _printf_percent
    _printf_dec.o(.text) refers to _printf_intcommon.o(.text) for _printf_int_common
    __printf_flags.o(.text) refers to _printf_percent.o(.ARM.Collect$$_printf_percent$$00000000) for _printf_percent
    __printf_flags.o(.text) refers to __printf_flags.o(.constdata) for .constdata
    __printf_ss.o(.text) refers to _printf_percent.o(.ARM.Collect$$_printf_percent$$00000000) for _printf_percent
    __printf_flags_ss.o(.text) refers to _printf_percent.o(.ARM.Collect$$_printf_percent$$00000000) for _printf_percent
    __printf_flags_ss.o(.text) refers to __printf_flags_ss.o(.constdata) for .constdata
    __printf_wp.o(.text) refers to __printf_wp.o(i._is_digit) for _is_digit
    __printf_wp.o(.text) refers to _printf_percent.o(.ARM.Collect$$_printf_percent$$00000000) for _printf_percent
    __printf_flags_wp.o(.text) refers to __printf_wp.o(i._is_digit) for _is_digit
    __printf_flags_wp.o(.text) refers to _printf_percent.o(.ARM.Collect$$_printf_percent$$00000000) for _printf_percent
    __printf_flags_wp.o(.text) refers to __printf_flags_wp.o(.constdata) for .constdata
    __printf_ss_wp.o(.text) refers to __printf_wp.o(i._is_digit) for _is_digit
    __printf_ss_wp.o(.text) refers to _printf_percent.o(.ARM.Collect$$_printf_percent$$00000000) for _printf_percent
    __printf_flags_ss_wp.o(.text) refers to __printf_wp.o(i._is_digit) for _is_digit
    __printf_flags_ss_wp.o(.text) refers to _printf_percent.o(.ARM.Collect$$_printf_percent$$00000000) for _printf_percent
    __printf_flags_ss_wp.o(.text) refers to __printf_flags_ss_wp.o(.constdata) for .constdata
    _printf_u.o(.ARM.Collect$$_printf_percent$$0000000A) refers (Weak) to _printf_dec.o(.text) for _printf_int_dec
    _printf_percent.o(.ARM.Collect$$_printf_percent$$00000000) refers (Special) to _printf_percent_end.o(.ARM.Collect$$_printf_percent$$00000017) for _printf_percent_end
    __main.o(!!!main) refers to __rtentry.o(.ARM.Collect$$rtentry$$00000000) for __rt_entry
    __rtentry.o(.ARM.Collect$$rtentry$$00000000) refers (Special) to __rtentry2.o(.ARM.Collect$$rtentry$$0000000A) for __rt_entry_li
    __rtentry.o(.ARM.Collect$$rtentry$$00000000) refers (Special) to __rtentry2.o(.ARM.Collect$$rtentry$$0000000D) for __rt_entry_main
    __rtentry.o(.ARM.Collect$$rtentry$$00000000) refers (Special) to __rtentry2.o(.ARM.Collect$$rtentry$$0000000C) for __rt_entry_postli_1
    __rtentry.o(.ARM.Collect$$rtentry$$00000000) refers (Special) to __rtentry2.o(.ARM.Collect$$rtentry$$00000009) for __rt_entry_postsh_1
    __rtentry.o(.ARM.Collect$$rtentry$$00000000) refers (Special) to __rtentry2.o(.ARM.Collect$$rtentry$$00000002) for __rt_entry_presh_1
    __rtentry.o(.ARM.Collect$$rtentry$$00000000) refers (Special) to __rtentry4.o(.ARM.Collect$$rtentry$$00000004) for __rt_entry_sh
    _printf_char_common.o(.text) refers to __printf_ss.o(.text) for __printf
    __rtentry2.o(.ARM.Collect$$rtentry$$00000008) refers to boardinit2.o(.text) for _platform_post_stackheap_init
    __rtentry2.o(.ARM.Collect$$rtentry$$0000000A) refers to libinit.o(.ARM.Collect$$libinit$$00000000) for __rt_lib_init
    __rtentry2.o(.ARM.Collect$$rtentry$$0000000B) refers to boardinit3.o(.text) for _platform_post_lib_init
    __rtentry2.o(.ARM.Collect$$rtentry$$0000000D) refers to main.o(.text.main) for main
    __rtentry2.o(.ARM.Collect$$rtentry$$0000000D) refers to exit.o(.text) for exit
    __rtentry2.o(.ARM.exidx) refers to __rtentry2.o(.ARM.Collect$$rtentry$$00000001) for .ARM.Collect$$rtentry$$00000001
    __rtentry2.o(.ARM.exidx) refers to __rtentry2.o(.ARM.Collect$$rtentry$$00000008) for .ARM.Collect$$rtentry$$00000008
    __rtentry2.o(.ARM.exidx) refers to __rtentry2.o(.ARM.Collect$$rtentry$$0000000A) for .ARM.Collect$$rtentry$$0000000A
    __rtentry2.o(.ARM.exidx) refers to __rtentry2.o(.ARM.Collect$$rtentry$$0000000B) for .ARM.Collect$$rtentry$$0000000B
    __rtentry2.o(.ARM.exidx) refers to __rtentry2.o(.ARM.Collect$$rtentry$$0000000D) for .ARM.Collect$$rtentry$$0000000D
    __rtentry4.o(.ARM.Collect$$rtentry$$00000004) refers to sys_stackheap_outer.o(.text) for __user_setup_stackheap
    __rtentry4.o(.ARM.exidx) refers to __rtentry4.o(.ARM.Collect$$rtentry$$00000004) for .ARM.Collect$$rtentry$$00000004
    sys_stackheap_outer.o(.text) refers to libspace.o(.text) for __user_perproc_libspace
    sys_stackheap_outer.o(.text) refers to startup_stm32l476xx.o(.text) for __user_initial_stackheap
    exit.o(.text) refers to rtexit.o(.ARM.Collect$$rtexit$$00000000) for __rt_exit
    libinit.o(.ARM.Collect$$libinit$$00000000) refers (Special) to libinit2.o(.ARM.Collect$$libinit$$0000002E) for __rt_lib_init_alloca_1
    libinit.o(.ARM.Collect$$libinit$$00000000) refers (Special) to libinit2.o(.ARM.Collect$$libinit$$0000002C) for __rt_lib_init_argv_1
    libinit.o(.ARM.Collect$$libinit$$00000000) refers (Special) to libinit2.o(.ARM.Collect$$libinit$$0000001B) for __rt_lib_init_atexit_1
    libinit.o(.ARM.Collect$$libinit$$00000000) refers (Special) to libinit2.o(.ARM.Collect$$libinit$$00000021) for __rt_lib_init_clock_1
    libinit.o(.ARM.Collect$$libinit$$00000000) refers (Special) to libinit2.o(.ARM.Collect$$libinit$$00000032) for __rt_lib_init_cpp_1
    libinit.o(.ARM.Collect$$libinit$$00000000) refers (Special) to libinit2.o(.ARM.Collect$$libinit$$00000030) for __rt_lib_init_exceptions_1
    libinit.o(.ARM.Collect$$libinit$$00000000) refers (Special) to libinit2.o(.ARM.Collect$$libinit$$00000001) for __rt_lib_init_fp_1
    libinit.o(.ARM.Collect$$libinit$$00000000) refers (Special) to libinit2.o(.ARM.Collect$$libinit$$0000001F) for __rt_lib_init_fp_trap_1
    libinit.o(.ARM.Collect$$libinit$$00000000) refers (Special) to libinit2.o(.ARM.Collect$$libinit$$00000023) for __rt_lib_init_getenv_1
    libinit.o(.ARM.Collect$$libinit$$00000000) refers (Special) to libinit2.o(.ARM.Collect$$libinit$$0000000A) for __rt_lib_init_heap_1
    libinit.o(.ARM.Collect$$libinit$$00000000) refers (Special) to libinit2.o(.ARM.Collect$$libinit$$00000011) for __rt_lib_init_lc_collate_1
    libinit.o(.ARM.Collect$$libinit$$00000000) refers (Special) to libinit2.o(.ARM.Collect$$libinit$$00000013) for __rt_lib_init_lc_ctype_1
    libinit.o(.ARM.Collect$$libinit$$00000000) refers (Special) to libinit2.o(.ARM.Collect$$libinit$$00000015) for __rt_lib_init_lc_monetary_1
    libinit.o(.ARM.Collect$$libinit$$00000000) refers (Special) to libinit2.o(.ARM.Collect$$libinit$$00000017) for __rt_lib_init_lc_numeric_1
    libinit.o(.ARM.Collect$$libinit$$00000000) refers (Special) to libinit2.o(.ARM.Collect$$libinit$$00000019) for __rt_lib_init_lc_time_1
    libinit.o(.ARM.Collect$$libinit$$00000000) refers (Special) to libinit2.o(.ARM.Collect$$libinit$$00000004) for __rt_lib_init_preinit_1
    libinit.o(.ARM.Collect$$libinit$$00000000) refers (Special) to libinit2.o(.ARM.Collect$$libinit$$0000000E) for __rt_lib_init_rand_1
    libinit.o(.ARM.Collect$$libinit$$00000000) refers (Special) to libinit2.o(.ARM.Collect$$libinit$$00000033) for __rt_lib_init_return
    libinit.o(.ARM.Collect$$libinit$$00000000) refers (Special) to libinit2.o(.ARM.Collect$$libinit$$0000001D) for __rt_lib_init_signal_1
    libinit.o(.ARM.Collect$$libinit$$00000000) refers (Special) to libinit2.o(.ARM.Collect$$libinit$$00000025) for __rt_lib_init_stdio_1
    libinit.o(.ARM.Collect$$libinit$$00000000) refers (Special) to libinit2.o(.ARM.Collect$$libinit$$0000000C) for __rt_lib_init_user_alloc_1
    libspace.o(.text) refers to libspace.o(.bss) for __libspace_start
    rtexit.o(.ARM.Collect$$rtexit$$00000000) refers (Special) to rtexit2.o(.ARM.Collect$$rtexit$$00000004) for __rt_exit_exit
    rtexit.o(.ARM.Collect$$rtexit$$00000000) refers (Special) to rtexit2.o(.ARM.Collect$$rtexit$$00000003) for __rt_exit_ls
    rtexit.o(.ARM.Collect$$rtexit$$00000000) refers (Special) to rtexit2.o(.ARM.Collect$$rtexit$$00000002) for __rt_exit_prels_1
    rtexit.o(.ARM.exidx) refers (Special) to rtexit2.o(.ARM.Collect$$rtexit$$00000004) for __rt_exit_exit
    rtexit.o(.ARM.exidx) refers (Special) to rtexit2.o(.ARM.Collect$$rtexit$$00000003) for __rt_exit_ls
    rtexit.o(.ARM.exidx) refers (Special) to rtexit2.o(.ARM.Collect$$rtexit$$00000002) for __rt_exit_prels_1
    rtexit.o(.ARM.exidx) refers to rtexit.o(.ARM.Collect$$rtexit$$00000000) for .ARM.Collect$$rtexit$$00000000
    libinit2.o(.ARM.Collect$$libinit$$00000001) refers to fpinit.o(x$fpl$fpinit) for _fp_init
    libinit2.o(.ARM.Collect$$libinit$$00000010) refers to libinit2.o(.ARM.Collect$$libinit$$0000000F) for .ARM.Collect$$libinit$$0000000F
    libinit2.o(.ARM.Collect$$libinit$$00000012) refers to libinit2.o(.ARM.Collect$$libinit$$0000000F) for .ARM.Collect$$libinit$$0000000F
    libinit2.o(.ARM.Collect$$libinit$$00000014) refers to libinit2.o(.ARM.Collect$$libinit$$0000000F) for .ARM.Collect$$libinit$$0000000F
    libinit2.o(.ARM.Collect$$libinit$$00000016) refers to libinit2.o(.ARM.Collect$$libinit$$0000000F) for .ARM.Collect$$libinit$$0000000F
    libinit2.o(.ARM.Collect$$libinit$$00000018) refers to libinit2.o(.ARM.Collect$$libinit$$0000000F) for .ARM.Collect$$libinit$$0000000F
    libinit2.o(.ARM.Collect$$libinit$$00000026) refers to argv_veneer.o(.emb_text) for __ARM_argv_veneer
    libinit2.o(.ARM.Collect$$libinit$$00000027) refers to argv_veneer.o(.emb_text) for __ARM_argv_veneer
    rtexit2.o(.ARM.Collect$$rtexit$$00000003) refers to libshutdown.o(.ARM.Collect$$libshutdown$$00000000) for __rt_lib_shutdown
    rtexit2.o(.ARM.Collect$$rtexit$$00000004) refers to sys_exit.o(.text) for _sys_exit
    rtexit2.o(.ARM.exidx) refers to rtexit2.o(.ARM.Collect$$rtexit$$00000001) for .ARM.Collect$$rtexit$$00000001
    rtexit2.o(.ARM.exidx) refers to rtexit2.o(.ARM.Collect$$rtexit$$00000003) for .ARM.Collect$$rtexit$$00000003
    rtexit2.o(.ARM.exidx) refers to rtexit2.o(.ARM.Collect$$rtexit$$00000004) for .ARM.Collect$$rtexit$$00000004
    argv_veneer.o(.emb_text) refers to no_argv.o(.text) for __ARM_get_argv
    sys_exit.o(.text) refers (Special) to use_no_semi.o(.text) for __I$use$semihosting
    sys_exit.o(.text) refers (Special) to indicate_semi.o(.text) for __semihosting_library_function
    sys_exit_hlt.o(.text) refers (Special) to use_no_semi.o(.text) for __I$use$semihosting
    sys_exit_hlt.o(.text) refers (Special) to indicate_semi.o(.text) for __semihosting_library_function
    _get_argv_nomalloc.o(.text) refers (Special) to hrguard.o(.text) for __heap_region$guard
    _get_argv_nomalloc.o(.text) refers to defsig_rtmem_outer.o(.text) for __rt_SIGRTMEM
    _get_argv_nomalloc.o(.text) refers to sys_command.o(.text) for _sys_command_string
    libshutdown.o(.ARM.Collect$$libshutdown$$00000000) refers (Special) to libshutdown2.o(.ARM.Collect$$libshutdown$$00000002) for __rt_lib_shutdown_cpp_1
    libshutdown.o(.ARM.Collect$$libshutdown$$00000000) refers (Special) to libshutdown2.o(.ARM.Collect$$libshutdown$$00000007) for __rt_lib_shutdown_fp_trap_1
    libshutdown.o(.ARM.Collect$$libshutdown$$00000000) refers (Special) to libshutdown2.o(.ARM.Collect$$libshutdown$$0000000F) for __rt_lib_shutdown_heap_1
    libshutdown.o(.ARM.Collect$$libshutdown$$00000000) refers (Special) to libshutdown2.o(.ARM.Collect$$libshutdown$$00000010) for __rt_lib_shutdown_return
    libshutdown.o(.ARM.Collect$$libshutdown$$00000000) refers (Special) to libshutdown2.o(.ARM.Collect$$libshutdown$$0000000A) for __rt_lib_shutdown_signal_1
    libshutdown.o(.ARM.Collect$$libshutdown$$00000000) refers (Special) to libshutdown2.o(.ARM.Collect$$libshutdown$$00000004) for __rt_lib_shutdown_stdio_1
    libshutdown.o(.ARM.Collect$$libshutdown$$00000000) refers (Special) to libshutdown2.o(.ARM.Collect$$libshutdown$$0000000C) for __rt_lib_shutdown_user_alloc_1
    sys_command.o(.text) refers (Special) to use_no_semi.o(.text) for __I$use$semihosting
    sys_command.o(.text) refers (Special) to indicate_semi.o(.text) for __semihosting_library_function
    sys_command_hlt.o(.text) refers (Special) to use_no_semi.o(.text) for __I$use$semihosting
    sys_command_hlt.o(.text) refers (Special) to indicate_semi.o(.text) for __semihosting_library_function
    defsig_rtmem_outer.o(.text) refers to defsig_rtmem_inner.o(.text) for __rt_SIGRTMEM_inner
    defsig_rtmem_outer.o(.text) refers to defsig_exit.o(.text) for __sig_exit
    defsig_rtmem_formal.o(.text) refers to rt_raise.o(.text) for __rt_raise
    rt_raise.o(.text) refers to __raise.o(.text) for __raise
    rt_raise.o(.text) refers to sys_exit.o(.text) for _sys_exit
    defsig_exit.o(.text) refers to sys_exit.o(.text) for _sys_exit
    defsig_rtmem_inner.o(.text) refers to defsig_general.o(.text) for __default_signal_display
    __raise.o(.text) refers to defsig.o(CL$$defsig) for __default_signal_handler
    defsig_general.o(.text) refers to sys_wrch.o(.text) for _ttywrch
    sys_wrch.o(.text) refers (Special) to use_no_semi.o(.text) for __I$use$semihosting
    sys_wrch.o(.text) refers (Special) to indicate_semi.o(.text) for __semihosting_library_function
    sys_wrch_hlt.o(.text) refers (Special) to use_no_semi.o(.text) for __I$use$semihosting
    sys_wrch_hlt.o(.text) refers (Special) to indicate_semi.o(.text) for __semihosting_library_function
    defsig.o(CL$$defsig) refers to defsig_rtmem_inner.o(.text) for __rt_SIGRTMEM_inner
    defsig_abrt_inner.o(.text) refers to defsig_general.o(.text) for __default_signal_display
    defsig_fpe_inner.o(.text) refers to defsig_general.o(.text) for __default_signal_display
    defsig_rtred_inner.o(.text) refers to defsig_general.o(.text) for __default_signal_display
    defsig_stak_inner.o(.text) refers to defsig_general.o(.text) for __default_signal_display
    defsig_pvfn_inner.o(.text) refers to defsig_general.o(.text) for __default_signal_display
    defsig_cppl_inner.o(.text) refers to defsig_general.o(.text) for __default_signal_display
    defsig_segv_inner.o(.text) refers to defsig_general.o(.text) for __default_signal_display
    defsig_other.o(.text) refers to defsig_general.o(.text) for __default_signal_display


==============================================================================

Removing Unused input sections from the image.

    Removing main.o(.text), (0 bytes).
    Removing main.o(.ARM.exidx.text.main), (8 bytes).
    Removing main.o(.ARM.exidx.text.audio_handler), (8 bytes).
    Removing main.o(.ARM.use_no_argv), (4 bytes).
    Removing audiochip.o(.text), (0 bytes).
    Removing audiochip.o(.ARM.exidx.text.Audio_DAC_Init), (8 bytes).
    Removing audiochip.o(.ARM.exidx.text.Set_Default_Audio_Registers), (8 bytes).
    Removing audiochip.o(.ARM.exidx.text.set_DAC_register), (8 bytes).
    Removing audiochip.o(.ARM.exidx.text.SAI1_Init), (8 bytes).
    Removing audiochip.o(.ARM.exidx.text.SAI1_GPIO_Init), (8 bytes).
    Removing audiochip.o(.text.read_DAC_register), (38 bytes).
    Removing audiochip.o(.ARM.exidx.text.read_DAC_register), (8 bytes).
    Removing audiochip.o(.ARM.exidx.text.generate_beep), (8 bytes).
    Removing audiochip.o(.ARM.exidx.text.my_audio_low), (8 bytes).
    Removing audiochip.o(.ARM.exidx.text.my_audio_mid), (8 bytes).
    Removing audiochip.o(.ARM.exidx.text.my_audio_high), (8 bytes).
    Removing i2c.o(.text), (0 bytes).
    Removing i2c.o(.ARM.exidx.text.I2C_GPIO_Init), (8 bytes).
    Removing i2c.o(.ARM.exidx.text.I2C_Init), (8 bytes).
    Removing i2c.o(.ARM.exidx.text.I2C_Start), (8 bytes).
    Removing i2c.o(.ARM.exidx.text.I2C_Stop), (8 bytes).
    Removing i2c.o(.ARM.exidx.text.I2C_WaitLineIdle), (8 bytes).
    Removing i2c.o(.text.I2C_ReceiveData), (78 bytes).
    Removing i2c.o(.ARM.exidx.text.I2C_ReceiveData), (8 bytes).
    Removing i2c.o(.ARM.exidx.text.I2C_SendData), (8 bytes).
    Removing sysclock.o(.text), (0 bytes).
    Removing sysclock.o(.ARM.exidx.text.System_Clock_Init), (8 bytes).
    Removing uart.o(.text), (0 bytes).
    Removing uart.o(.ARM.exidx.text.UART2_Init), (8 bytes).
    Removing uart.o(.ARM.exidx.text.UART2_GPIO_Init), (8 bytes).
    Removing uart.o(.ARM.exidx.text.USART_Init), (8 bytes).
    Removing uart.o(.text.USART_Read), (12 bytes).
    Removing uart.o(.ARM.exidx.text.USART_Read), (8 bytes).
    Removing uart.o(.ARM.exidx.text.USART_Write), (8 bytes).
    Removing uart.o(.text.USART_Delay), (2 bytes).
    Removing uart.o(.ARM.exidx.text.USART_Delay), (8 bytes).
    Removing uart.o(.text.USART_IRQHandler), (74 bytes).
    Removing uart.o(.ARM.exidx.text.USART_IRQHandler), (8 bytes).
    Removing adc.o(.text), (0 bytes).
    Removing adc.o(.ARM.exidx.text.ADC1_wakeup), (8 bytes).
    Removing adc.o(.ARM.exidx.text.ADC_Common_Configuration), (8 bytes).
    Removing adc.o(.ARM.exidx.text.ADC_Pin_Init), (8 bytes).
    Removing adc.o(.ARM.exidx.text.ADC_Init), (8 bytes).
    Removing adc.o(.ARM.exidx.text.TIM4_Init), (8 bytes).
    Removing adc.o(.ARM.exidx.text.ADC_IRQHandler), (8 bytes).
    Removing adc.o(.ARM.exidx.text.__NVIC_ClearPendingIRQ), (8 bytes).

46 unused section(s) (total 480 bytes) removed from the image.

==============================================================================

Image Symbol Table

    Local Symbols

    Symbol Name                              Value     Ov Type        Size  Object(Section)

    ../clib/angel/boardlib.s                 0x00000000   Number         0  boardinit1.o ABSOLUTE
    ../clib/angel/boardlib.s                 0x00000000   Number         0  boardinit2.o ABSOLUTE
    ../clib/angel/boardlib.s                 0x00000000   Number         0  boardinit3.o ABSOLUTE
    ../clib/angel/boardlib.s                 0x00000000   Number         0  boardshut.o ABSOLUTE
    ../clib/angel/handlers.s                 0x00000000   Number         0  __scatter_zi.o ABSOLUTE
    ../clib/angel/kernel.s                   0x00000000   Number         0  __rtentry.o ABSOLUTE
    ../clib/angel/kernel.s                   0x00000000   Number         0  __rtentry2.o ABSOLUTE
    ../clib/angel/kernel.s                   0x00000000   Number         0  __rtentry4.o ABSOLUTE
    ../clib/angel/kernel.s                   0x00000000   Number         0  rtexit.o ABSOLUTE
    ../clib/angel/kernel.s                   0x00000000   Number         0  rtexit2.o ABSOLUTE
    ../clib/angel/rt.s                       0x00000000   Number         0  rt_raise.o ABSOLUTE
    ../clib/angel/scatter.s                  0x00000000   Number         0  __scatter.o ABSOLUTE
    ../clib/angel/startup.s                  0x00000000   Number         0  __main.o ABSOLUTE
    ../clib/angel/sys.s                      0x00000000   Number         0  sys_stackheap_outer.o ABSOLUTE
    ../clib/angel/sys.s                      0x00000000   Number         0  libspace.o ABSOLUTE
    ../clib/angel/sys.s                      0x00000000   Number         0  use_no_semi.o ABSOLUTE
    ../clib/angel/sys.s                      0x00000000   Number         0  indicate_semi.o ABSOLUTE
    ../clib/angel/sysapp.c                   0x00000000   Number         0  sys_exit.o ABSOLUTE
    ../clib/angel/sysapp.c                   0x00000000   Number         0  sys_exit_hlt.o ABSOLUTE
    ../clib/angel/sysapp.c                   0x00000000   Number         0  sys_command.o ABSOLUTE
    ../clib/angel/sysapp.c                   0x00000000   Number         0  sys_command_hlt.o ABSOLUTE
    ../clib/angel/sysapp.c                   0x00000000   Number         0  sys_wrch.o ABSOLUTE
    ../clib/angel/sysapp.c                   0x00000000   Number         0  sys_wrch_hlt.o ABSOLUTE
    ../clib/armsys.c                         0x00000000   Number         0  argv_veneer.o ABSOLUTE
    ../clib/armsys.c                         0x00000000   Number         0  argv_veneer.o ABSOLUTE
    ../clib/armsys.c                         0x00000000   Number         0  _get_argv_nomalloc.o ABSOLUTE
    ../clib/armsys.c                         0x00000000   Number         0  no_argv.o ABSOLUTE
    ../clib/heapalloc.c                      0x00000000   Number         0  hrguard.o ABSOLUTE
    ../clib/heapaux.c                        0x00000000   Number         0  heapauxi.o ABSOLUTE
    ../clib/libinit.s                        0x00000000   Number         0  libinit.o ABSOLUTE
    ../clib/libinit.s                        0x00000000   Number         0  libinit2.o ABSOLUTE
    ../clib/libinit.s                        0x00000000   Number         0  libshutdown.o ABSOLUTE
    ../clib/libinit.s                        0x00000000   Number         0  libshutdown2.o ABSOLUTE
    ../clib/misc.s                           0x00000000   Number         0  printf_stubs.o ABSOLUTE
    ../clib/printf.c                         0x00000000   Number         0  __2sprintf.o ABSOLUTE
    ../clib/printf.c                         0x00000000   Number         0  noretval__2sprintf.o ABSOLUTE
    ../clib/printf.c                         0x00000000   Number         0  __printf.o ABSOLUTE
    ../clib/printf.c                         0x00000000   Number         0  _printf_dec.o ABSOLUTE
    ../clib/printf.c                         0x00000000   Number         0  __printf_flags.o ABSOLUTE
    ../clib/printf.c                         0x00000000   Number         0  __printf_ss.o ABSOLUTE
    ../clib/printf.c                         0x00000000   Number         0  __printf_flags_ss.o ABSOLUTE
    ../clib/printf.c                         0x00000000   Number         0  __printf_wp.o ABSOLUTE
    ../clib/printf.c                         0x00000000   Number         0  __printf_flags_wp.o ABSOLUTE
    ../clib/printf.c                         0x00000000   Number         0  __printf_ss_wp.o ABSOLUTE
    ../clib/printf.c                         0x00000000   Number         0  __printf_flags_ss_wp.o ABSOLUTE
    ../clib/printf.c                         0x00000000   Number         0  _printf_intcommon.o ABSOLUTE
    ../clib/printf.c                         0x00000000   Number         0  _printf_char_common.o ABSOLUTE
    ../clib/printf.c                         0x00000000   Number         0  _sputc.o ABSOLUTE
    ../clib/printf.c                         0x00000000   Number         0  __printf_nopercent.o ABSOLUTE
    ../clib/printf_percent.s                 0x00000000   Number         0  _printf_u.o ABSOLUTE
    ../clib/printf_percent.s                 0x00000000   Number         0  _printf_percent.o ABSOLUTE
    ../clib/printf_percent.s                 0x00000000   Number         0  _printf_percent_end.o ABSOLUTE
    ../clib/signal.c                         0x00000000   Number         0  defsig_rtmem_outer.o ABSOLUTE
    ../clib/signal.c                         0x00000000   Number         0  defsig_rtmem_formal.o ABSOLUTE
    ../clib/signal.c                         0x00000000   Number         0  defsig_exit.o ABSOLUTE
    ../clib/signal.c                         0x00000000   Number         0  defsig_rtmem_inner.o ABSOLUTE
    ../clib/signal.c                         0x00000000   Number         0  __raise.o ABSOLUTE
    ../clib/signal.c                         0x00000000   Number         0  defsig_general.o ABSOLUTE
    ../clib/signal.c                         0x00000000   Number         0  defsig_abrt_inner.o ABSOLUTE
    ../clib/signal.c                         0x00000000   Number         0  defsig_fpe_inner.o ABSOLUTE
    ../clib/signal.c                         0x00000000   Number         0  defsig_rtred_inner.o ABSOLUTE
    ../clib/signal.c                         0x00000000   Number         0  defsig_stak_inner.o ABSOLUTE
    ../clib/signal.c                         0x00000000   Number         0  defsig_pvfn_inner.o ABSOLUTE
    ../clib/signal.c                         0x00000000   Number         0  defsig_cppl_inner.o ABSOLUTE
    ../clib/signal.c                         0x00000000   Number         0  defsig_segv_inner.o ABSOLUTE
    ../clib/signal.c                         0x00000000   Number         0  defsig_other.o ABSOLUTE
    ../clib/signal.s                         0x00000000   Number         0  defsig.o ABSOLUTE
    ../clib/stdlib.c                         0x00000000   Number         0  exit.o ABSOLUTE
    ../clib/string.c                         0x00000000   Number         0  strlen.o ABSOLUTE
    ../fplib/fpinit.s                        0x00000000   Number         0  fpinit.o ABSOLUTE
    ADC.c                                    0x00000000   Number         0  adc.o ABSOLUTE
    AudioChip.c                              0x00000000   Number         0  audiochip.o ABSOLUTE
    I2C.c                                    0x00000000   Number         0  i2c.o ABSOLUTE
    SysClock.c                               0x00000000   Number         0  sysclock.o ABSOLUTE
    UART.c                                   0x00000000   Number         0  uart.o ABSOLUTE
    dc.s                                     0x00000000   Number         0  dc.o ABSOLUTE
    main.c                                   0x00000000   Number         0  main.o ABSOLUTE
    startup_stm32l476xx.s                    0x00000000   Number         0  startup_stm32l476xx.o ABSOLUTE
    RESET                                    0x08000000   Section      392  startup_stm32l476xx.o(RESET)
    !!!main                                  0x08000188   Section        8  __main.o(!!!main)
    !!!scatter                               0x08000190   Section       52  __scatter.o(!!!scatter)
    !!handler_zi                             0x080001c4   Section       28  __scatter_zi.o(!!handler_zi)
    .ARM.Collect$$_printf_percent$$00000000  0x080001e0   Section        0  _printf_percent.o(.ARM.Collect$$_printf_percent$$00000000)
    .ARM.Collect$$_printf_percent$$0000000A  0x080001e0   Section        6  _printf_u.o(.ARM.Collect$$_printf_percent$$0000000A)
    .ARM.Collect$$_printf_percent$$00000017  0x080001e6   Section        4  _printf_percent_end.o(.ARM.Collect$$_printf_percent$$00000017)
    .ARM.Collect$$libinit$$00000000          0x080001ea   Section        2  libinit.o(.ARM.Collect$$libinit$$00000000)
    .ARM.Collect$$libinit$$00000001          0x080001ec   Section        4  libinit2.o(.ARM.Collect$$libinit$$00000001)
    .ARM.Collect$$libinit$$00000004          0x080001f0   Section        0  libinit2.o(.ARM.Collect$$libinit$$00000004)
    .ARM.Collect$$libinit$$0000000A          0x080001f0   Section        0  libinit2.o(.ARM.Collect$$libinit$$0000000A)
    .ARM.Collect$$libinit$$0000000C          0x080001f0   Section        0  libinit2.o(.ARM.Collect$$libinit$$0000000C)
    .ARM.Collect$$libinit$$0000000E          0x080001f0   Section        0  libinit2.o(.ARM.Collect$$libinit$$0000000E)
    .ARM.Collect$$libinit$$00000011          0x080001f0   Section        0  libinit2.o(.ARM.Collect$$libinit$$00000011)
    .ARM.Collect$$libinit$$00000013          0x080001f0   Section        0  libinit2.o(.ARM.Collect$$libinit$$00000013)
    .ARM.Collect$$libinit$$00000015          0x080001f0   Section        0  libinit2.o(.ARM.Collect$$libinit$$00000015)
    .ARM.Collect$$libinit$$00000017          0x080001f0   Section        0  libinit2.o(.ARM.Collect$$libinit$$00000017)
    .ARM.Collect$$libinit$$00000019          0x080001f0   Section        0  libinit2.o(.ARM.Collect$$libinit$$00000019)
    .ARM.Collect$$libinit$$0000001B          0x080001f0   Section        0  libinit2.o(.ARM.Collect$$libinit$$0000001B)
    .ARM.Collect$$libinit$$0000001D          0x080001f0   Section        0  libinit2.o(.ARM.Collect$$libinit$$0000001D)
    .ARM.Collect$$libinit$$0000001F          0x080001f0   Section        0  libinit2.o(.ARM.Collect$$libinit$$0000001F)
    .ARM.Collect$$libinit$$00000021          0x080001f0   Section        0  libinit2.o(.ARM.Collect$$libinit$$00000021)
    .ARM.Collect$$libinit$$00000023          0x080001f0   Section        0  libinit2.o(.ARM.Collect$$libinit$$00000023)
    .ARM.Collect$$libinit$$00000025          0x080001f0   Section        0  libinit2.o(.ARM.Collect$$libinit$$00000025)
    .ARM.Collect$$libinit$$0000002C          0x080001f0   Section        0  libinit2.o(.ARM.Collect$$libinit$$0000002C)
    .ARM.Collect$$libinit$$0000002E          0x080001f0   Section        0  libinit2.o(.ARM.Collect$$libinit$$0000002E)
    .ARM.Collect$$libinit$$00000030          0x080001f0   Section        0  libinit2.o(.ARM.Collect$$libinit$$00000030)
    .ARM.Collect$$libinit$$00000032          0x080001f0   Section        0  libinit2.o(.ARM.Collect$$libinit$$00000032)
    .ARM.Collect$$libinit$$00000033          0x080001f0   Section        2  libinit2.o(.ARM.Collect$$libinit$$00000033)
    .ARM.Collect$$libshutdown$$00000000      0x080001f2   Section        2  libshutdown.o(.ARM.Collect$$libshutdown$$00000000)
    .ARM.Collect$$libshutdown$$00000002      0x080001f4   Section        0  libshutdown2.o(.ARM.Collect$$libshutdown$$00000002)
    .ARM.Collect$$libshutdown$$00000004      0x080001f4   Section        0  libshutdown2.o(.ARM.Collect$$libshutdown$$00000004)
    .ARM.Collect$$libshutdown$$00000007      0x080001f4   Section        0  libshutdown2.o(.ARM.Collect$$libshutdown$$00000007)
    .ARM.Collect$$libshutdown$$0000000A      0x080001f4   Section        0  libshutdown2.o(.ARM.Collect$$libshutdown$$0000000A)
    .ARM.Collect$$libshutdown$$0000000C      0x080001f4   Section        0  libshutdown2.o(.ARM.Collect$$libshutdown$$0000000C)
    .ARM.Collect$$libshutdown$$0000000F      0x080001f4   Section        0  libshutdown2.o(.ARM.Collect$$libshutdown$$0000000F)
    .ARM.Collect$$libshutdown$$00000010      0x080001f4   Section        2  libshutdown2.o(.ARM.Collect$$libshutdown$$00000010)
    .ARM.Collect$$rtentry$$00000000          0x080001f6   Section        0  __rtentry.o(.ARM.Collect$$rtentry$$00000000)
    .ARM.Collect$$rtentry$$00000002          0x080001f6   Section        0  __rtentry2.o(.ARM.Collect$$rtentry$$00000002)
    .ARM.Collect$$rtentry$$00000004          0x080001f6   Section        6  __rtentry4.o(.ARM.Collect$$rtentry$$00000004)
    .ARM.Collect$$rtentry$$00000009          0x080001fc   Section        0  __rtentry2.o(.ARM.Collect$$rtentry$$00000009)
    .ARM.Collect$$rtentry$$0000000A          0x080001fc   Section        4  __rtentry2.o(.ARM.Collect$$rtentry$$0000000A)
    .ARM.Collect$$rtentry$$0000000C          0x08000200   Section        0  __rtentry2.o(.ARM.Collect$$rtentry$$0000000C)
    .ARM.Collect$$rtentry$$0000000D          0x08000200   Section        8  __rtentry2.o(.ARM.Collect$$rtentry$$0000000D)
    .ARM.Collect$$rtexit$$00000000           0x08000208   Section        2  rtexit.o(.ARM.Collect$$rtexit$$00000000)
    .ARM.Collect$$rtexit$$00000002           0x0800020a   Section        0  rtexit2.o(.ARM.Collect$$rtexit$$00000002)
    .ARM.Collect$$rtexit$$00000003           0x0800020a   Section        4  rtexit2.o(.ARM.Collect$$rtexit$$00000003)
    .ARM.Collect$$rtexit$$00000004           0x0800020e   Section        6  rtexit2.o(.ARM.Collect$$rtexit$$00000004)
    $v0                                      0x08000214   Number         0  startup_stm32l476xx.o(.text)
    .text                                    0x08000214   Section      132  startup_stm32l476xx.o(.text)
    .text                                    0x08000298   Section        0  noretval__2sprintf.o(.text)
    .text                                    0x080002c0   Section        0  _printf_dec.o(.text)
    .text                                    0x08000338   Section        0  __printf_ss.o(.text)
    .text                                    0x080003f0   Section        0  strlen.o(.text)
    .text                                    0x0800042e   Section        0  heapauxi.o(.text)
    .text                                    0x08000434   Section        0  _printf_intcommon.o(.text)
    _printf_input_char                       0x080004e9   Thumb Code    10  _printf_char_common.o(.text)
    .text                                    0x080004e8   Section        0  _printf_char_common.o(.text)
    .text                                    0x08000518   Section        0  _sputc.o(.text)
    .text                                    0x08000522   Section       74  sys_stackheap_outer.o(.text)
    .text                                    0x0800056c   Section        0  exit.o(.text)
    .text                                    0x08000580   Section        8  libspace.o(.text)
    .text                                    0x08000588   Section        0  sys_exit.o(.text)
    .text                                    0x08000594   Section        2  use_no_semi.o(.text)
    .text                                    0x08000596   Section        0  indicate_semi.o(.text)
    [Anonymous Symbol]                       0x08000598   Section        0  adc.o(.text.ADC1_wakeup)
    [Anonymous Symbol]                       0x080005d0   Section        0  adc.o(.text.ADC_Common_Configuration)
    [Anonymous Symbol]                       0x08000610   Section        0  adc.o(.text.ADC_IRQHandler)
    [Anonymous Symbol]                       0x0800063c   Section        0  adc.o(.text.ADC_Init)
    [Anonymous Symbol]                       0x080006e4   Section        0  adc.o(.text.ADC_Pin_Init)
    [Anonymous Symbol]                       0x08000718   Section        0  audiochip.o(.text.Audio_DAC_Init)
    [Anonymous Symbol]                       0x080007c8   Section        0  i2c.o(.text.I2C_GPIO_Init)
    [Anonymous Symbol]                       0x0800082c   Section        0  i2c.o(.text.I2C_Init)
    [Anonymous Symbol]                       0x08000900   Section        0  i2c.o(.text.I2C_SendData)
    [Anonymous Symbol]                       0x0800096c   Section        0  i2c.o(.text.I2C_Start)
    [Anonymous Symbol]                       0x080009a4   Section        0  i2c.o(.text.I2C_Stop)
    [Anonymous Symbol]                       0x080009c4   Section        0  i2c.o(.text.I2C_WaitLineIdle)
    [Anonymous Symbol]                       0x080009d4   Section        0  audiochip.o(.text.SAI1_GPIO_Init)
    [Anonymous Symbol]                       0x08000a28   Section        0  audiochip.o(.text.SAI1_Init)
    [Anonymous Symbol]                       0x08000a4c   Section        0  audiochip.o(.text.Set_Default_Audio_Registers)
    [Anonymous Symbol]                       0x08000b78   Section        0  sysclock.o(.text.System_Clock_Init)
    [Anonymous Symbol]                       0x08000c94   Section        0  adc.o(.text.TIM4_Init)
    [Anonymous Symbol]                       0x08000d04   Section        0  uart.o(.text.UART2_GPIO_Init)
    [Anonymous Symbol]                       0x08000d58   Section        0  uart.o(.text.UART2_Init)
    [Anonymous Symbol]                       0x08000d90   Section        0  uart.o(.text.USART_Init)
    [Anonymous Symbol]                       0x08000e48   Section        0  uart.o(.text.USART_Write)
    __NVIC_ClearPendingIRQ                   0x08000e75   Thumb Code    16  adc.o(.text.__NVIC_ClearPendingIRQ)
    [Anonymous Symbol]                       0x08000e74   Section        0  adc.o(.text.__NVIC_ClearPendingIRQ)
    [Anonymous Symbol]                       0x08000e84   Section        0  main.o(.text.audio_handler)
    [Anonymous Symbol]                       0x08000ea8   Section        0  audiochip.o(.text.generate_beep)
    [Anonymous Symbol]                       0x08000ec8   Section        0  main.o(.text.main)
    [Anonymous Symbol]                       0x08000f5c   Section        0  audiochip.o(.text.my_audio_high)
    [Anonymous Symbol]                       0x08000f6c   Section        0  audiochip.o(.text.my_audio_low)
    [Anonymous Symbol]                       0x08000f7c   Section        0  audiochip.o(.text.my_audio_mid)
    [Anonymous Symbol]                       0x08000f8c   Section        0  audiochip.o(.text.set_DAC_register)
    $v0                                      0x08000fa8   Number         0  fpinit.o(x$fpl$fpinit)
    x$fpl$fpinit                             0x08000fa8   Section       26  fpinit.o(x$fpl$fpinit)
    .bss                                     0x20000000   Section       96  libspace.o(.bss)
    Heap_Mem                                 0x20000068   Data        1280  startup_stm32l476xx.o(HEAP)
    HEAP                                     0x20000068   Section     1280  startup_stm32l476xx.o(HEAP)
    Stack_Mem                                0x20000568   Data        4096  startup_stm32l476xx.o(STACK)
    STACK                                    0x20000568   Section     4096  startup_stm32l476xx.o(STACK)
    __initial_sp                             0x20001568   Data           0  startup_stm32l476xx.o(STACK)

    Global Symbols

    Symbol Name                              Value     Ov Type        Size  Object(Section)

    BuildAttributes$$THM_ISAv4$E$P$D$K$B$S$7EM$VFPi3$EXTD16$VFPS$VFMA$PE$A:L22UL41UL21$X:L11$S22US41US21$IEEE1$IW$~IW$USESV6$~STKCKD$USESV7$WCHAR32$ENUMINT$~SHL$OTIME$ROPI$EBA8$UX$STANDARDLIB$REQ8$PRES8$EABIv2 0x00000000   Number         0  anon$$obj.o ABSOLUTE
    Image$$ER_IROM1$$RW$$Length              0x00000000   Number         0  anon$$obj.o ABSOLUTE
    Image$$ER_IROM1$$ZI$$Length              0x00000000   Number         0  anon$$obj.o ABSOLUTE
    Image$$RW_IRAM1$$Length                  0x00000000   Number         0  anon$$obj.o ABSOLUTE
    Image$$RW_IRAM1$$RO$$Length              0x00000000   Number         0  anon$$obj.o ABSOLUTE
    Image$$RW_IRAM1$$RW$$Length              0x00000000   Number         0  anon$$obj.o ABSOLUTE
    _printf_flags                            0x00000000   Number         0  printf_stubs.o ABSOLUTE
    _printf_return_value                     0x00000000   Number         0  printf_stubs.o ABSOLUTE
    _printf_sizespec                         0x00000000   Number         0  printf_stubs.o ABSOLUTE
    _printf_widthprec                        0x00000000   Number         0  printf_stubs.o ABSOLUTE
    __ARM_exceptions_init                     - Undefined Weak Reference
    __alloca_initialize                       - Undefined Weak Reference
    __arm_preinit_                            - Undefined Weak Reference
    __cpp_initialize__aeabi_                  - Undefined Weak Reference
    __cxa_finalize                            - Undefined Weak Reference
    __rt_locale                               - Undefined Weak Reference
    __sigvec_lookup                           - Undefined Weak Reference
    _atexit_init                              - Undefined Weak Reference
    _call_atexit_fns                          - Undefined Weak Reference
    _clock_init                               - Undefined Weak Reference
    _fp_trap_init                             - Undefined Weak Reference
    _fp_trap_shutdown                         - Undefined Weak Reference
    _get_lc_collate                           - Undefined Weak Reference
    _get_lc_ctype                             - Undefined Weak Reference
    _get_lc_monetary                          - Undefined Weak Reference
    _get_lc_numeric                           - Undefined Weak Reference
    _get_lc_time                              - Undefined Weak Reference
    _getenv_init                              - Undefined Weak Reference
    _handle_redirection                       - Undefined Weak Reference
    _init_alloc                               - Undefined Weak Reference
    _init_user_alloc                          - Undefined Weak Reference
    _initio                                   - Undefined Weak Reference
    _printf_post_padding                      - Undefined Weak Reference
    _printf_pre_padding                       - Undefined Weak Reference
    _printf_truncate_signed                   - Undefined Weak Reference
    _printf_truncate_unsigned                 - Undefined Weak Reference
    _rand_init                                - Undefined Weak Reference
    _signal_finish                            - Undefined Weak Reference
    _signal_init                              - Undefined Weak Reference
    _terminate_alloc                          - Undefined Weak Reference
    _terminate_user_alloc                     - Undefined Weak Reference
    _terminateio                              - Undefined Weak Reference
    __Vectors_Size                           0x00000188   Number         0  startup_stm32l476xx.o ABSOLUTE
    Image$$ER_IROM1$$RO$$Length              0x00000fd4   Number         0  anon$$obj.o ABSOLUTE
    Image$$RW_IRAM1$$ZI$$Length              0x00001568   Number         0  anon$$obj.o ABSOLUTE
    Image$$ER_IROM1$$RO$$Base                0x08000000   Number         0  anon$$obj.o ABSOLUTE
    Load$$ER_IROM1$$Base                     0x08000000   Number         0  anon$$obj.o ABSOLUTE
    __Vectors                                0x08000000   Data           4  startup_stm32l476xx.o(RESET)
    __Vectors_End                            0x08000188   Data           0  startup_stm32l476xx.o(RESET)
    __main                                   0x08000189   Thumb Code     8  __main.o(!!!main)
    __scatterload                            0x08000191   Thumb Code     0  __scatter.o(!!!scatter)
    __scatterload_rt2                        0x08000191   Thumb Code    44  __scatter.o(!!!scatter)
    __scatterload_rt2_thumb_only             0x08000191   Thumb Code     0  __scatter.o(!!!scatter)
    __scatterload_null                       0x0800019f   Thumb Code     0  __scatter.o(!!!scatter)
    __scatterload_zeroinit                   0x080001c5   Thumb Code    28  __scatter_zi.o(!!handler_zi)
    _printf_percent                          0x080001e1   Thumb Code     0  _printf_percent.o(.ARM.Collect$$_printf_percent$$00000000)
    _printf_u                                0x080001e1   Thumb Code     0  _printf_u.o(.ARM.Collect$$_printf_percent$$0000000A)
    _printf_percent_end                      0x080001e7   Thumb Code     0  _printf_percent_end.o(.ARM.Collect$$_printf_percent$$00000017)
    __rt_lib_init                            0x080001eb   Thumb Code     0  libinit.o(.ARM.Collect$$libinit$$00000000)
    __rt_lib_init_fp_1                       0x080001ed   Thumb Code     0  libinit2.o(.ARM.Collect$$libinit$$00000001)
    __rt_lib_init_alloca_1                   0x080001f1   Thumb Code     0  libinit2.o(.ARM.Collect$$libinit$$0000002E)
    __rt_lib_init_argv_1                     0x080001f1   Thumb Code     0  libinit2.o(.ARM.Collect$$libinit$$0000002C)
    __rt_lib_init_atexit_1                   0x080001f1   Thumb Code     0  libinit2.o(.ARM.Collect$$libinit$$0000001B)
    __rt_lib_init_clock_1                    0x080001f1   Thumb Code     0  libinit2.o(.ARM.Collect$$libinit$$00000021)
    __rt_lib_init_cpp_1                      0x080001f1   Thumb Code     0  libinit2.o(.ARM.Collect$$libinit$$00000032)
    __rt_lib_init_exceptions_1               0x080001f1   Thumb Code     0  libinit2.o(.ARM.Collect$$libinit$$00000030)
    __rt_lib_init_fp_trap_1                  0x080001f1   Thumb Code     0  libinit2.o(.ARM.Collect$$libinit$$0000001F)
    __rt_lib_init_getenv_1                   0x080001f1   Thumb Code     0  libinit2.o(.ARM.Collect$$libinit$$00000023)
    __rt_lib_init_heap_1                     0x080001f1   Thumb Code     0  libinit2.o(.ARM.Collect$$libinit$$0000000A)
    __rt_lib_init_lc_collate_1               0x080001f1   Thumb Code     0  libinit2.o(.ARM.Collect$$libinit$$00000011)
    __rt_lib_init_lc_ctype_1                 0x080001f1   Thumb Code     0  libinit2.o(.ARM.Collect$$libinit$$00000013)
    __rt_lib_init_lc_monetary_1              0x080001f1   Thumb Code     0  libinit2.o(.ARM.Collect$$libinit$$00000015)
    __rt_lib_init_lc_numeric_1               0x080001f1   Thumb Code     0  libinit2.o(.ARM.Collect$$libinit$$00000017)
    __rt_lib_init_lc_time_1                  0x080001f1   Thumb Code     0  libinit2.o(.ARM.Collect$$libinit$$00000019)
    __rt_lib_init_preinit_1                  0x080001f1   Thumb Code     0  libinit2.o(.ARM.Collect$$libinit$$00000004)
    __rt_lib_init_rand_1                     0x080001f1   Thumb Code     0  libinit2.o(.ARM.Collect$$libinit$$0000000E)
    __rt_lib_init_return                     0x080001f1   Thumb Code     0  libinit2.o(.ARM.Collect$$libinit$$00000033)
    __rt_lib_init_signal_1                   0x080001f1   Thumb Code     0  libinit2.o(.ARM.Collect$$libinit$$0000001D)
    __rt_lib_init_stdio_1                    0x080001f1   Thumb Code     0  libinit2.o(.ARM.Collect$$libinit$$00000025)
    __rt_lib_init_user_alloc_1               0x080001f1   Thumb Code     0  libinit2.o(.ARM.Collect$$libinit$$0000000C)
    __rt_lib_shutdown                        0x080001f3   Thumb Code     0  libshutdown.o(.ARM.Collect$$libshutdown$$00000000)
    __rt_lib_shutdown_cpp_1                  0x080001f5   Thumb Code     0  libshutdown2.o(.ARM.Collect$$libshutdown$$00000002)
    __rt_lib_shutdown_fp_trap_1              0x080001f5   Thumb Code     0  libshutdown2.o(.ARM.Collect$$libshutdown$$00000007)
    __rt_lib_shutdown_heap_1                 0x080001f5   Thumb Code     0  libshutdown2.o(.ARM.Collect$$libshutdown$$0000000F)
    __rt_lib_shutdown_return                 0x080001f5   Thumb Code     0  libshutdown2.o(.ARM.Collect$$libshutdown$$00000010)
    __rt_lib_shutdown_signal_1               0x080001f5   Thumb Code     0  libshutdown2.o(.ARM.Collect$$libshutdown$$0000000A)
    __rt_lib_shutdown_stdio_1                0x080001f5   Thumb Code     0  libshutdown2.o(.ARM.Collect$$libshutdown$$00000004)
    __rt_lib_shutdown_user_alloc_1           0x080001f5   Thumb Code     0  libshutdown2.o(.ARM.Collect$$libshutdown$$0000000C)
    __rt_entry                               0x080001f7   Thumb Code     0  __rtentry.o(.ARM.Collect$$rtentry$$00000000)
    __rt_entry_presh_1                       0x080001f7   Thumb Code     0  __rtentry2.o(.ARM.Collect$$rtentry$$00000002)
    __rt_entry_sh                            0x080001f7   Thumb Code     0  __rtentry4.o(.ARM.Collect$$rtentry$$00000004)
    __rt_entry_li                            0x080001fd   Thumb Code     0  __rtentry2.o(.ARM.Collect$$rtentry$$0000000A)
    __rt_entry_postsh_1                      0x080001fd   Thumb Code     0  __rtentry2.o(.ARM.Collect$$rtentry$$00000009)
    __rt_entry_main                          0x08000201   Thumb Code     0  __rtentry2.o(.ARM.Collect$$rtentry$$0000000D)
    __rt_entry_postli_1                      0x08000201   Thumb Code     0  __rtentry2.o(.ARM.Collect$$rtentry$$0000000C)
    __rt_exit                                0x08000209   Thumb Code     0  rtexit.o(.ARM.Collect$$rtexit$$00000000)
    __rt_exit_ls                             0x0800020b   Thumb Code     0  rtexit2.o(.ARM.Collect$$rtexit$$00000003)
    __rt_exit_prels_1                        0x0800020b   Thumb Code     0  rtexit2.o(.ARM.Collect$$rtexit$$00000002)
    __rt_exit_exit                           0x0800020f   Thumb Code     0  rtexit2.o(.ARM.Collect$$rtexit$$00000004)
    Reset_Handler                            0x08000215   Thumb Code    60  startup_stm32l476xx.o(.text)
    NMI_Handler                              0x08000251   Thumb Code     2  startup_stm32l476xx.o(.text)
    HardFault_Handler                        0x08000253   Thumb Code     2  startup_stm32l476xx.o(.text)
    MemManage_Handler                        0x08000255   Thumb Code     2  startup_stm32l476xx.o(.text)
    BusFault_Handler                         0x08000257   Thumb Code     2  startup_stm32l476xx.o(.text)
    UsageFault_Handler                       0x08000259   Thumb Code     2  startup_stm32l476xx.o(.text)
    SVC_Handler                              0x0800025b   Thumb Code     2  startup_stm32l476xx.o(.text)
    DebugMon_Handler                         0x0800025d   Thumb Code     2  startup_stm32l476xx.o(.text)
    PendSV_Handler                           0x0800025f   Thumb Code     2  startup_stm32l476xx.o(.text)
    SysTick_Handler                          0x08000261   Thumb Code     2  startup_stm32l476xx.o(.text)
    ADC1_2_IRQHandler                        0x08000263   Thumb Code     0  startup_stm32l476xx.o(.text)
    ADC3_IRQHandler                          0x08000263   Thumb Code     0  startup_stm32l476xx.o(.text)
    CAN1_RX0_IRQHandler                      0x08000263   Thumb Code     0  startup_stm32l476xx.o(.text)
    CAN1_RX1_IRQHandler                      0x08000263   Thumb Code     0  startup_stm32l476xx.o(.text)
    CAN1_SCE_IRQHandler                      0x08000263   Thumb Code     0  startup_stm32l476xx.o(.text)
    CAN1_TX_IRQHandler                       0x08000263   Thumb Code     0  startup_stm32l476xx.o(.text)
    COMP_IRQHandler                          0x08000263   Thumb Code     0  startup_stm32l476xx.o(.text)
    DFSDM0_IRQHandler                        0x08000263   Thumb Code     0  startup_stm32l476xx.o(.text)
    DFSDM1_IRQHandler                        0x08000263   Thumb Code     0  startup_stm32l476xx.o(.text)
    DFSDM2_IRQHandler                        0x08000263   Thumb Code     0  startup_stm32l476xx.o(.text)
    DFSDM3_IRQHandler                        0x08000263   Thumb Code     0  startup_stm32l476xx.o(.text)
    DMA1_Channel1_IRQHandler                 0x08000263   Thumb Code     0  startup_stm32l476xx.o(.text)
    DMA1_Channel2_IRQHandler                 0x08000263   Thumb Code     0  startup_stm32l476xx.o(.text)
    DMA1_Channel3_IRQHandler                 0x08000263   Thumb Code     0  startup_stm32l476xx.o(.text)
    DMA1_Channel4_IRQHandler                 0x08000263   Thumb Code     0  startup_stm32l476xx.o(.text)
    DMA1_Channel5_IRQHandler                 0x08000263   Thumb Code     0  startup_stm32l476xx.o(.text)
    DMA1_Channel6_IRQHandler                 0x08000263   Thumb Code     0  startup_stm32l476xx.o(.text)
    DMA1_Channel7_IRQHandler                 0x08000263   Thumb Code     0  startup_stm32l476xx.o(.text)
    DMA2_Channel1_IRQHandler                 0x08000263   Thumb Code     0  startup_stm32l476xx.o(.text)
    DMA2_Channel2_IRQHandler                 0x08000263   Thumb Code     0  startup_stm32l476xx.o(.text)
    DMA2_Channel3_IRQHandler                 0x08000263   Thumb Code     0  startup_stm32l476xx.o(.text)
    DMA2_Channel4_IRQHandler                 0x08000263   Thumb Code     0  startup_stm32l476xx.o(.text)
    DMA2_Channel5_IRQHandler                 0x08000263   Thumb Code     0  startup_stm32l476xx.o(.text)
    DMA2_Channel6_IRQHandler                 0x08000263   Thumb Code     0  startup_stm32l476xx.o(.text)
    DMA2_Channel7_IRQHandler                 0x08000263   Thumb Code     0  startup_stm32l476xx.o(.text)
    EXTI0_IRQHandler                         0x08000263   Thumb Code     0  startup_stm32l476xx.o(.text)
    EXTI15_10_IRQHandler                     0x08000263   Thumb Code     0  startup_stm32l476xx.o(.text)
    EXTI1_IRQHandler                         0x08000263   Thumb Code     0  startup_stm32l476xx.o(.text)
    EXTI2_IRQHandler                         0x08000263   Thumb Code     0  startup_stm32l476xx.o(.text)
    EXTI3_IRQHandler                         0x08000263   Thumb Code     0  startup_stm32l476xx.o(.text)
    EXTI4_IRQHandler                         0x08000263   Thumb Code     0  startup_stm32l476xx.o(.text)
    EXTI9_5_IRQHandler                       0x08000263   Thumb Code     0  startup_stm32l476xx.o(.text)
    FLASH_IRQHandler                         0x08000263   Thumb Code     0  startup_stm32l476xx.o(.text)
    FMC_IRQHandler                           0x08000263   Thumb Code     0  startup_stm32l476xx.o(.text)
    FPU_IRQHandler                           0x08000263   Thumb Code     0  startup_stm32l476xx.o(.text)
    I2C1_ER_IRQHandler                       0x08000263   Thumb Code     0  startup_stm32l476xx.o(.text)
    I2C1_EV_IRQHandler                       0x08000263   Thumb Code     0  startup_stm32l476xx.o(.text)
    I2C2_ER_IRQHandler                       0x08000263   Thumb Code     0  startup_stm32l476xx.o(.text)
    I2C2_EV_IRQHandler                       0x08000263   Thumb Code     0  startup_stm32l476xx.o(.text)
    I2C3_ER_IRQHandler                       0x08000263   Thumb Code     0  startup_stm32l476xx.o(.text)
    I2C3_EV_IRQHandler                       0x08000263   Thumb Code     0  startup_stm32l476xx.o(.text)
    LCD_IRQHandler                           0x08000263   Thumb Code     0  startup_stm32l476xx.o(.text)
    LPTIM1_IRQHandler                        0x08000263   Thumb Code     0  startup_stm32l476xx.o(.text)
    LPTIM2_IRQHandler                        0x08000263   Thumb Code     0  startup_stm32l476xx.o(.text)
    LPUART1_IRQHandler                       0x08000263   Thumb Code     0  startup_stm32l476xx.o(.text)
    OTG_FS_IRQHandler                        0x08000263   Thumb Code     0  startup_stm32l476xx.o(.text)
    PVD_PVM_IRQHandler                       0x08000263   Thumb Code     0  startup_stm32l476xx.o(.text)
    QUADSPI_IRQHandler                       0x08000263   Thumb Code     0  startup_stm32l476xx.o(.text)
    RCC_IRQHandler                           0x08000263   Thumb Code     0  startup_stm32l476xx.o(.text)
    RNG_IRQHandler                           0x08000263   Thumb Code     0  startup_stm32l476xx.o(.text)
    RTC_Alarm_IRQHandler                     0x08000263   Thumb Code     0  startup_stm32l476xx.o(.text)
    RTC_WKUP_IRQHandler                      0x08000263   Thumb Code     0  startup_stm32l476xx.o(.text)
    SAI1_IRQHandler                          0x08000263   Thumb Code     0  startup_stm32l476xx.o(.text)
    SAI2_IRQHandler                          0x08000263   Thumb Code     0  startup_stm32l476xx.o(.text)
    SDMMC1_IRQHandler                        0x08000263   Thumb Code     0  startup_stm32l476xx.o(.text)
    SPI1_IRQHandler                          0x08000263   Thumb Code     0  startup_stm32l476xx.o(.text)
    SPI2_IRQHandler                          0x08000263   Thumb Code     0  startup_stm32l476xx.o(.text)
    SPI3_IRQHandler                          0x08000263   Thumb Code     0  startup_stm32l476xx.o(.text)
    SWPMI1_IRQHandler                        0x08000263   Thumb Code     0  startup_stm32l476xx.o(.text)
    TAMP_STAMP_IRQHandler                    0x08000263   Thumb Code     0  startup_stm32l476xx.o(.text)
    TIM1_BRK_TIM15_IRQHandler                0x08000263   Thumb Code     0  startup_stm32l476xx.o(.text)
    TIM1_CC_IRQHandler                       0x08000263   Thumb Code     0  startup_stm32l476xx.o(.text)
    TIM1_TRG_COM_TIM17_IRQHandler            0x08000263   Thumb Code     0  startup_stm32l476xx.o(.text)
    TIM1_UP_TIM16_IRQHandler                 0x08000263   Thumb Code     0  startup_stm32l476xx.o(.text)
    TIM2_IRQHandler                          0x08000263   Thumb Code     0  startup_stm32l476xx.o(.text)
    TIM3_IRQHandler                          0x08000263   Thumb Code     0  startup_stm32l476xx.o(.text)
    TIM4_IRQHandler                          0x08000263   Thumb Code     0  startup_stm32l476xx.o(.text)
    TIM5_IRQHandler                          0x08000263   Thumb Code     0  startup_stm32l476xx.o(.text)
    TIM6_DAC_IRQHandler                      0x08000263   Thumb Code     0  startup_stm32l476xx.o(.text)
    TIM7_IRQHandler                          0x08000263   Thumb Code     0  startup_stm32l476xx.o(.text)
    TIM8_BRK_IRQHandler                      0x08000263   Thumb Code     0  startup_stm32l476xx.o(.text)
    TIM8_CC_IRQHandler                       0x08000263   Thumb Code     0  startup_stm32l476xx.o(.text)
    TIM8_TRG_COM_IRQHandler                  0x08000263   Thumb Code     0  startup_stm32l476xx.o(.text)
    TIM8_UP_IRQHandler                       0x08000263   Thumb Code     0  startup_stm32l476xx.o(.text)
    TSC_IRQHandler                           0x08000263   Thumb Code     0  startup_stm32l476xx.o(.text)
    UART4_IRQHandler                         0x08000263   Thumb Code     0  startup_stm32l476xx.o(.text)
    UART5_IRQHandler                         0x08000263   Thumb Code     0  startup_stm32l476xx.o(.text)
    USART1_IRQHandler                        0x08000263   Thumb Code     0  startup_stm32l476xx.o(.text)
    USART2_IRQHandler                        0x08000263   Thumb Code     0  startup_stm32l476xx.o(.text)
    USART3_IRQHandler                        0x08000263   Thumb Code     0  startup_stm32l476xx.o(.text)
    WWDG_IRQHandler                          0x08000263   Thumb Code     0  startup_stm32l476xx.o(.text)
    __user_initial_stackheap                 0x08000265   Thumb Code     0  startup_stm32l476xx.o(.text)
    __2sprintf                               0x08000299   Thumb Code    34  noretval__2sprintf.o(.text)
    _printf_int_dec                          0x080002c1   Thumb Code   104  _printf_dec.o(.text)
    __printf                                 0x08000339   Thumb Code   184  __printf_ss.o(.text)
    strlen                                   0x080003f1   Thumb Code    62  strlen.o(.text)
    __use_two_region_memory                  0x0800042f   Thumb Code     2  heapauxi.o(.text)
    __rt_heap_escrow$2region                 0x08000431   Thumb Code     2  heapauxi.o(.text)
    __rt_heap_expand$2region                 0x08000433   Thumb Code     2  heapauxi.o(.text)
    _printf_int_common                       0x08000435   Thumb Code   178  _printf_intcommon.o(.text)
    _printf_char_common                      0x080004f3   Thumb Code    32  _printf_char_common.o(.text)
    _sputc                                   0x08000519   Thumb Code    10  _sputc.o(.text)
    __user_setup_stackheap                   0x08000523   Thumb Code    74  sys_stackheap_outer.o(.text)
    exit                                     0x0800056d   Thumb Code    18  exit.o(.text)
    __user_libspace                          0x08000581   Thumb Code     8  libspace.o(.text)
    __user_perproc_libspace                  0x08000581   Thumb Code     0  libspace.o(.text)
    __user_perthread_libspace                0x08000581   Thumb Code     0  libspace.o(.text)
    _sys_exit                                0x08000589   Thumb Code     8  sys_exit.o(.text)
    __I$use$semihosting                      0x08000595   Thumb Code     0  use_no_semi.o(.text)
    __use_no_semihosting_swi                 0x08000595   Thumb Code     2  use_no_semi.o(.text)
    __semihosting_library_function           0x08000597   Thumb Code     0  indicate_semi.o(.text)
    ADC1_wakeup                              0x08000599   Thumb Code    56  adc.o(.text.ADC1_wakeup)
    ADC_Common_Configuration                 0x080005d1   Thumb Code    64  adc.o(.text.ADC_Common_Configuration)
    ADC_IRQHandler                           0x08000611   Thumb Code    44  adc.o(.text.ADC_IRQHandler)
    ADC_Init                                 0x0800063d   Thumb Code   166  adc.o(.text.ADC_Init)
    ADC_Pin_Init                             0x080006e5   Thumb Code    52  adc.o(.text.ADC_Pin_Init)
    Audio_DAC_Init                           0x08000719   Thumb Code   174  audiochip.o(.text.Audio_DAC_Init)
    I2C_GPIO_Init                            0x080007c9   Thumb Code    98  i2c.o(.text.I2C_GPIO_Init)
    I2C_Init                                 0x0800082d   Thumb Code   212  i2c.o(.text.I2C_Init)
    I2C_SendData                             0x08000901   Thumb Code   108  i2c.o(.text.I2C_SendData)
    I2C_Start                                0x0800096d   Thumb Code    54  i2c.o(.text.I2C_Start)
    I2C_Stop                                 0x080009a5   Thumb Code    32  i2c.o(.text.I2C_Stop)
    I2C_WaitLineIdle                         0x080009c5   Thumb Code    16  i2c.o(.text.I2C_WaitLineIdle)
    SAI1_GPIO_Init                           0x080009d5   Thumb Code    82  audiochip.o(.text.SAI1_GPIO_Init)
    SAI1_Init                                0x08000a29   Thumb Code    34  audiochip.o(.text.SAI1_Init)
    Set_Default_Audio_Registers              0x08000a4d   Thumb Code   300  audiochip.o(.text.Set_Default_Audio_Registers)
    System_Clock_Init                        0x08000b79   Thumb Code   284  sysclock.o(.text.System_Clock_Init)
    TIM4_Init                                0x08000c95   Thumb Code   112  adc.o(.text.TIM4_Init)
    UART2_GPIO_Init                          0x08000d05   Thumb Code    82  uart.o(.text.UART2_GPIO_Init)
    UART2_Init                               0x08000d59   Thumb Code    56  uart.o(.text.UART2_Init)
    USART_Init                               0x08000d91   Thumb Code   184  uart.o(.text.USART_Init)
    USART_Write                              0x08000e49   Thumb Code    44  uart.o(.text.USART_Write)
    audio_handler                            0x08000e85   Thumb Code    36  main.o(.text.audio_handler)
    generate_beep                            0x08000ea9   Thumb Code    32  audiochip.o(.text.generate_beep)
    main                                     0x08000ec9   Thumb Code   128  main.o(.text.main)
    my_audio_high                            0x08000f5d   Thumb Code    14  audiochip.o(.text.my_audio_high)
    my_audio_low                             0x08000f6d   Thumb Code    14  audiochip.o(.text.my_audio_low)
    my_audio_mid                             0x08000f7d   Thumb Code    14  audiochip.o(.text.my_audio_mid)
    set_DAC_register                         0x08000f8d   Thumb Code    28  audiochip.o(.text.set_DAC_register)
    _fp_init                                 0x08000fa9   Thumb Code    26  fpinit.o(x$fpl$fpinit)
    __fplib_config_fpu_vfp                   0x08000fc1   Thumb Code     0  fpinit.o(x$fpl$fpinit)
    __fplib_config_pureend_doubles           0x08000fc1   Thumb Code     0  fpinit.o(x$fpl$fpinit)
    Region$$Table$$Base                      0x08000fc4   Number         0  anon$$obj.o(Region$$Table)
    Image$$ER_IROM1$$RO$$Limit               0x08000fd4   Number         0  anon$$obj.o ABSOLUTE
    Image$$ER_IROM1$$RW$$Base                0x08000fd4   Number         0  anon$$obj.o ABSOLUTE
    Image$$ER_IROM1$$RW$$Limit               0x08000fd4   Number         0  anon$$obj.o ABSOLUTE
    Image$$ER_IROM1$$ZI$$Base                0x08000fd4   Number         0  anon$$obj.o ABSOLUTE
    Image$$ER_IROM1$$ZI$$Limit               0x08000fd4   Number         0  anon$$obj.o ABSOLUTE
    Load$$RW_IRAM1$$Base                     0x08000fd4   Number         0  anon$$obj.o ABSOLUTE
    Region$$Table$$Limit                     0x08000fd4   Number         0  anon$$obj.o(Region$$Table)
    Image$$RW_IRAM1$$Base                    0x20000000   Number         0  anon$$obj.o ABSOLUTE
    Image$$RW_IRAM1$$Limit                   0x20000000   Number         0  anon$$obj.o ABSOLUTE
    Image$$RW_IRAM1$$RO$$Base                0x20000000   Number         0  anon$$obj.o ABSOLUTE
    Image$$RW_IRAM1$$RW$$Base                0x20000000   Number         0  anon$$obj.o ABSOLUTE
    Image$$RW_IRAM1$$RW$$Limit               0x20000000   Number         0  anon$$obj.o ABSOLUTE
    Image$$RW_IRAM1$$ZI$$Base                0x20000000   Number         0  anon$$obj.o ABSOLUTE
    __libspace_start                         0x20000000   Data          96  libspace.o(.bss)
    __temporary_stack_top$libspace           0x20000060   Data           0  libspace.o(.bss)
    adcResult                                0x20000060   Data           4  main.o(.bss.adcResult)
    Image$$RW_IRAM1$$ZI$$Limit               0x20001568   Number         0  anon$$obj.o ABSOLUTE



==============================================================================

Memory Map of the image

  Image Entry point : 0x08000189

  Load Region LR_IROM1 (Base: 0x08000000, Size: 0x00000fd4, Max: 0x00100000, ABSOLUTE)

    Execution Region ER_IROM1 (Exec base: 0x08000000, Load base: 0x08000000, Size: 0x00000fd4, Max: 0x00100000, ABSOLUTE)

    Exec Addr    Load Addr    Size         Type   Attr      Idx    E Section Name        Object

    0x08000000   0x08000000   0x00000188   Data   RO           17    RESET               startup_stm32l476xx.o
    0x08000188   0x08000188   0x00000008   Code   RO          162  * !!!main             c_wu.l(__main.o)
    0x08000190   0x08000190   0x00000034   Code   RO          334    !!!scatter          c_wu.l(__scatter.o)
    0x080001c4   0x080001c4   0x0000001c   Code   RO          336    !!handler_zi        c_wu.l(__scatter_zi.o)
    0x080001e0   0x080001e0   0x00000000   Code   RO          157    .ARM.Collect$$_printf_percent$$00000000  c_wu.l(_printf_percent.o)
    0x080001e0   0x080001e0   0x00000006   Code   RO          156    .ARM.Collect$$_printf_percent$$0000000A  c_wu.l(_printf_u.o)
    0x080001e6   0x080001e6   0x00000004   Code   RO          171    .ARM.Collect$$_printf_percent$$00000017  c_wu.l(_printf_percent_end.o)
    0x080001ea   0x080001ea   0x00000002   Code   RO          198    .ARM.Collect$$libinit$$00000000  c_wu.l(libinit.o)
    0x080001ec   0x080001ec   0x00000004   Code   RO          204    .ARM.Collect$$libinit$$00000001  c_wu.l(libinit2.o)
    0x080001f0   0x080001f0   0x00000000   Code   RO          207    .ARM.Collect$$libinit$$00000004  c_wu.l(libinit2.o)
    0x080001f0   0x080001f0   0x00000000   Code   RO          210    .ARM.Collect$$libinit$$0000000A  c_wu.l(libinit2.o)
    0x080001f0   0x080001f0   0x00000000   Code   RO          212    .ARM.Collect$$libinit$$0000000C  c_wu.l(libinit2.o)
    0x080001f0   0x080001f0   0x00000000   Code   RO          214    .ARM.Collect$$libinit$$0000000E  c_wu.l(libinit2.o)
    0x080001f0   0x080001f0   0x00000000   Code   RO          217    .ARM.Collect$$libinit$$00000011  c_wu.l(libinit2.o)
    0x080001f0   0x080001f0   0x00000000   Code   RO          219    .ARM.Collect$$libinit$$00000013  c_wu.l(libinit2.o)
    0x080001f0   0x080001f0   0x00000000   Code   RO          221    .ARM.Collect$$libinit$$00000015  c_wu.l(libinit2.o)
    0x080001f0   0x080001f0   0x00000000   Code   RO          223    .ARM.Collect$$libinit$$00000017  c_wu.l(libinit2.o)
    0x080001f0   0x080001f0   0x00000000   Code   RO          225    .ARM.Collect$$libinit$$00000019  c_wu.l(libinit2.o)
    0x080001f0   0x080001f0   0x00000000   Code   RO          227    .ARM.Collect$$libinit$$0000001B  c_wu.l(libinit2.o)
    0x080001f0   0x080001f0   0x00000000   Code   RO          229    .ARM.Collect$$libinit$$0000001D  c_wu.l(libinit2.o)
    0x080001f0   0x080001f0   0x00000000   Code   RO          231    .ARM.Collect$$libinit$$0000001F  c_wu.l(libinit2.o)
    0x080001f0   0x080001f0   0x00000000   Code   RO          233    .ARM.Collect$$libinit$$00000021  c_wu.l(libinit2.o)
    0x080001f0   0x080001f0   0x00000000   Code   RO          235    .ARM.Collect$$libinit$$00000023  c_wu.l(libinit2.o)
    0x080001f0   0x080001f0   0x00000000   Code   RO          237    .ARM.Collect$$libinit$$00000025  c_wu.l(libinit2.o)
    0x080001f0   0x080001f0   0x00000000   Code   RO          241    .ARM.Collect$$libinit$$0000002C  c_wu.l(libinit2.o)
    0x080001f0   0x080001f0   0x00000000   Code   RO          243    .ARM.Collect$$libinit$$0000002E  c_wu.l(libinit2.o)
    0x080001f0   0x080001f0   0x00000000   Code   RO          245    .ARM.Collect$$libinit$$00000030  c_wu.l(libinit2.o)
    0x080001f0   0x080001f0   0x00000000   Code   RO          247    .ARM.Collect$$libinit$$00000032  c_wu.l(libinit2.o)
    0x080001f0   0x080001f0   0x00000002   Code   RO          248    .ARM.Collect$$libinit$$00000033  c_wu.l(libinit2.o)
    0x080001f2   0x080001f2   0x00000002   Code   RO          270    .ARM.Collect$$libshutdown$$00000000  c_wu.l(libshutdown.o)
    0x080001f4   0x080001f4   0x00000000   Code   RO          285    .ARM.Collect$$libshutdown$$00000002  c_wu.l(libshutdown2.o)
    0x080001f4   0x080001f4   0x00000000   Code   RO          287    .ARM.Collect$$libshutdown$$00000004  c_wu.l(libshutdown2.o)
    0x080001f4   0x080001f4   0x00000000   Code   RO          290    .ARM.Collect$$libshutdown$$00000007  c_wu.l(libshutdown2.o)
    0x080001f4   0x080001f4   0x00000000   Code   RO          293    .ARM.Collect$$libshutdown$$0000000A  c_wu.l(libshutdown2.o)
    0x080001f4   0x080001f4   0x00000000   Code   RO          295    .ARM.Collect$$libshutdown$$0000000C  c_wu.l(libshutdown2.o)
    0x080001f4   0x080001f4   0x00000000   Code   RO          298    .ARM.Collect$$libshutdown$$0000000F  c_wu.l(libshutdown2.o)
    0x080001f4   0x080001f4   0x00000002   Code   RO          299    .ARM.Collect$$libshutdown$$00000010  c_wu.l(libshutdown2.o)
    0x080001f6   0x080001f6   0x00000000   Code   RO          164    .ARM.Collect$$rtentry$$00000000  c_wu.l(__rtentry.o)
    0x080001f6   0x080001f6   0x00000000   Code   RO          173    .ARM.Collect$$rtentry$$00000002  c_wu.l(__rtentry2.o)
    0x080001f6   0x080001f6   0x00000006   Code   RO          185    .ARM.Collect$$rtentry$$00000004  c_wu.l(__rtentry4.o)
    0x080001fc   0x080001fc   0x00000000   Code   RO          175    .ARM.Collect$$rtentry$$00000009  c_wu.l(__rtentry2.o)
    0x080001fc   0x080001fc   0x00000004   Code   RO          176    .ARM.Collect$$rtentry$$0000000A  c_wu.l(__rtentry2.o)
    0x08000200   0x08000200   0x00000000   Code   RO          178    .ARM.Collect$$rtentry$$0000000C  c_wu.l(__rtentry2.o)
    0x08000200   0x08000200   0x00000008   Code   RO          179    .ARM.Collect$$rtentry$$0000000D  c_wu.l(__rtentry2.o)
    0x08000208   0x08000208   0x00000002   Code   RO          202    .ARM.Collect$$rtexit$$00000000  c_wu.l(rtexit.o)
    0x0800020a   0x0800020a   0x00000000   Code   RO          250    .ARM.Collect$$rtexit$$00000002  c_wu.l(rtexit2.o)
    0x0800020a   0x0800020a   0x00000004   Code   RO          251    .ARM.Collect$$rtexit$$00000003  c_wu.l(rtexit2.o)
    0x0800020e   0x0800020e   0x00000006   Code   RO          252    .ARM.Collect$$rtexit$$00000004  c_wu.l(rtexit2.o)
    0x08000214   0x08000214   0x00000084   Code   RO           18    .text               startup_stm32l476xx.o
    0x08000298   0x08000298   0x00000028   Code   RO          130    .text               c_wu.l(noretval__2sprintf.o)
    0x080002c0   0x080002c0   0x00000078   Code   RO          134    .text               c_wu.l(_printf_dec.o)
    0x08000338   0x08000338   0x000000b8   Code   RO          139    .text               c_wu.l(__printf_ss.o)
    0x080003f0   0x080003f0   0x0000003e   Code   RO          158    .text               c_wu.l(strlen.o)
    0x0800042e   0x0800042e   0x00000006   Code   RO          160    .text               c_wu.l(heapauxi.o)
    0x08000434   0x08000434   0x000000b2   Code   RO          165    .text               c_wu.l(_printf_intcommon.o)
    0x080004e6   0x080004e6   0x00000002   PAD
    0x080004e8   0x080004e8   0x00000030   Code   RO          167    .text               c_wu.l(_printf_char_common.o)
    0x08000518   0x08000518   0x0000000a   Code   RO          169    .text               c_wu.l(_sputc.o)
    0x08000522   0x08000522   0x0000004a   Code   RO          189    .text               c_wu.l(sys_stackheap_outer.o)
    0x0800056c   0x0800056c   0x00000012   Code   RO          191    .text               c_wu.l(exit.o)
    0x0800057e   0x0800057e   0x00000002   PAD
    0x08000580   0x08000580   0x00000008   Code   RO          199    .text               c_wu.l(libspace.o)
    0x08000588   0x08000588   0x0000000c   Code   RO          260    .text               c_wu.l(sys_exit.o)
    0x08000594   0x08000594   0x00000002   Code   RO          275    .text               c_wu.l(use_no_semi.o)
    0x08000596   0x08000596   0x00000000   Code   RO          277    .text               c_wu.l(indicate_semi.o)
    0x08000596   0x08000596   0x00000002   PAD
    0x08000598   0x08000598   0x00000038   Code   RO          106    .text.ADC1_wakeup   adc.o
    0x080005d0   0x080005d0   0x00000040   Code   RO          108    .text.ADC_Common_Configuration  adc.o
    0x08000610   0x08000610   0x0000002c   Code   RO          116    .text.ADC_IRQHandler  adc.o
    0x0800063c   0x0800063c   0x000000a6   Code   RO          112    .text.ADC_Init      adc.o
    0x080006e2   0x080006e2   0x00000002   PAD
    0x080006e4   0x080006e4   0x00000034   Code   RO          110    .text.ADC_Pin_Init  adc.o
    0x08000718   0x08000718   0x000000ae   Code   RO           25    .text.Audio_DAC_Init  audiochip.o
    0x080007c6   0x080007c6   0x00000002   PAD
    0x080007c8   0x080007c8   0x00000062   Code   RO           53    .text.I2C_GPIO_Init  i2c.o
    0x0800082a   0x0800082a   0x00000002   PAD
    0x0800082c   0x0800082c   0x000000d4   Code   RO           55    .text.I2C_Init      i2c.o
    0x08000900   0x08000900   0x0000006c   Code   RO           65    .text.I2C_SendData  i2c.o
    0x0800096c   0x0800096c   0x00000036   Code   RO           57    .text.I2C_Start     i2c.o
    0x080009a2   0x080009a2   0x00000002   PAD
    0x080009a4   0x080009a4   0x00000020   Code   RO           59    .text.I2C_Stop      i2c.o
    0x080009c4   0x080009c4   0x00000010   Code   RO           61    .text.I2C_WaitLineIdle  i2c.o
    0x080009d4   0x080009d4   0x00000052   Code   RO           33    .text.SAI1_GPIO_Init  audiochip.o
    0x08000a26   0x08000a26   0x00000002   PAD
    0x08000a28   0x08000a28   0x00000022   Code   RO           31    .text.SAI1_Init     audiochip.o
    0x08000a4a   0x08000a4a   0x00000002   PAD
    0x08000a4c   0x08000a4c   0x0000012c   Code   RO           27    .text.Set_Default_Audio_Registers  audiochip.o
    0x08000b78   0x08000b78   0x0000011c   Code   RO           75    .text.System_Clock_Init  sysclock.o
    0x08000c94   0x08000c94   0x00000070   Code   RO          114    .text.TIM4_Init     adc.o
    0x08000d04   0x08000d04   0x00000052   Code   RO           86    .text.UART2_GPIO_Init  uart.o
    0x08000d56   0x08000d56   0x00000002   PAD
    0x08000d58   0x08000d58   0x00000038   Code   RO           84    .text.UART2_Init    uart.o
    0x08000d90   0x08000d90   0x000000b8   Code   RO           88    .text.USART_Init    uart.o
    0x08000e48   0x08000e48   0x0000002c   Code   RO           92    .text.USART_Write   uart.o
    0x08000e74   0x08000e74   0x00000010   Code   RO          118    .text.__NVIC_ClearPendingIRQ  adc.o
    0x08000e84   0x08000e84   0x00000024   Code   RO            4    .text.audio_handler  main.o
    0x08000ea8   0x08000ea8   0x00000020   Code   RO           37    .text.generate_beep  audiochip.o
    0x08000ec8   0x08000ec8   0x00000094   Code   RO            2    .text.main          main.o
    0x08000f5c   0x08000f5c   0x0000000e   Code   RO           43    .text.my_audio_high  audiochip.o
    0x08000f6a   0x08000f6a   0x00000002   PAD
    0x08000f6c   0x08000f6c   0x0000000e   Code   RO           39    .text.my_audio_low  audiochip.o
    0x08000f7a   0x08000f7a   0x00000002   PAD
    0x08000f7c   0x08000f7c   0x0000000e   Code   RO           41    .text.my_audio_mid  audiochip.o
    0x08000f8a   0x08000f8a   0x00000002   PAD
    0x08000f8c   0x08000f8c   0x0000001c   Code   RO           29    .text.set_DAC_register  audiochip.o
    0x08000fa8   0x08000fa8   0x0000001a   Code   RO          258    x$fpl$fpinit        fz_wm.l(fpinit.o)
    0x08000fc2   0x08000fc2   0x00000002   PAD
    0x08000fc4   0x08000fc4   0x00000010   Data   RO          333    Region$$Table       anon$$obj.o


    Execution Region RW_IRAM1 (Exec base: 0x20000000, Load base: 0x08000fd4, Size: 0x00001568, Max: 0x00018000, ABSOLUTE)

    Exec Addr    Load Addr    Size         Type   Attr      Idx    E Section Name        Object

    0x20000000        -       0x00000060   Zero   RW          200    .bss                c_wu.l(libspace.o)
    0x20000060        -       0x00000004   Zero   RW            6    .bss.adcResult      main.o
    0x20000064   0x08000fd4   0x00000004   PAD
    0x20000068        -       0x00000500   Zero   RW           16    HEAP                startup_stm32l476xx.o
    0x20000568        -       0x00001000   Zero   RW           15    STACK               startup_stm32l476xx.o


==============================================================================

Image component sizes


      Code (inc. data)   RO Data    RW Data    ZI Data      Debug   Object Name

       510          0          0          0          0       6200   adc.o
       692          0          0          0          0       3626   audiochip.o
       520          0          0          0          0       3538   i2c.o
       184         20          0          0          4       2144   main.o
       132         42        392          0       5376        816   startup_stm32l476xx.o
       284          0          0          0          0       1966   sysclock.o
       366          0          0          0          0       3282   uart.o

    ----------------------------------------------------------------------
      2708         62        408          0       5384      21572   Object Totals
         0          0         16          0          0          0   (incl. Generated)
        20          0          0          0          4          0   (incl. Padding)

    ----------------------------------------------------------------------

      Code (inc. data)   RO Data    RW Data    ZI Data      Debug   Library Member Name

         8          0          0          0          0         68   __main.o
       184          0          0          0          0         84   __printf_ss.o
         0          0          0          0          0          0   __rtentry.o
        12          0          0          0          0          0   __rtentry2.o
         6          0          0          0          0          0   __rtentry4.o
        52          8          0          0          0          0   __scatter.o
        28          0          0          0          0          0   __scatter_zi.o
        48          6          0          0          0         96   _printf_char_common.o
       120         16          0          0          0         92   _printf_dec.o
       178          0          0          0          0         88   _printf_intcommon.o
         0          0          0          0          0          0   _printf_percent.o
         4          0          0          0          0          0   _printf_percent_end.o
         6          0          0          0          0          0   _printf_u.o
        10          0          0          0          0         68   _sputc.o
        18          0          0          0          0         80   exit.o
         6          0          0          0          0        152   heapauxi.o
         0          0          0          0          0          0   indicate_semi.o
         2          0          0          0          0          0   libinit.o
         6          0          0          0          0          0   libinit2.o
         2          0          0          0          0          0   libshutdown.o
         2          0          0          0          0          0   libshutdown2.o
         8          4          0          0         96         68   libspace.o
        40          6          0          0          0         84   noretval__2sprintf.o
         2          0          0          0          0          0   rtexit.o
        10          0          0          0          0          0   rtexit2.o
        62          0          0          0          0         76   strlen.o
        12          4          0          0          0         68   sys_exit.o
        74          0          0          0          0         80   sys_stackheap_outer.o
         2          0          0          0          0         68   use_no_semi.o
        26          0          0          0          0        116   fpinit.o

    ----------------------------------------------------------------------
       936         44          0          0         96       1288   Library Totals
         8          0          0          0          0          0   (incl. Padding)

    ----------------------------------------------------------------------

      Code (inc. data)   RO Data    RW Data    ZI Data      Debug   Library Name

       902         44          0          0         96       1172   c_wu.l
        26          0          0          0          0        116   fz_wm.l

    ----------------------------------------------------------------------
       936         44          0          0         96       1288   Library Totals

    ----------------------------------------------------------------------

==============================================================================


      Code (inc. data)   RO Data    RW Data    ZI Data      Debug   

      3644        106        408          0       5480      22172   Grand Totals
      3644        106        408          0       5480      22172   ELF Image Totals
      3644        106        408          0          0          0   ROM Totals

==============================================================================

    Total RO  Size (Code + RO Data)                 4052 (   3.96kB)
    Total RW  Size (RW Data + ZI Data)              5480 (   5.35kB)
    Total ROM Size (Code + RO Data + RW Data)       4052 (   3.96kB)

==============================================================================

